Jan 25 15:09:44 cu-cs-vm rsyslogd: [origin software="rsyslogd" swVersion="7.4.4" x-pid="465" x-info="http://www.rsyslog.com"] rsyslogd was HUPed
Jan 25 15:09:58 cu-cs-vm anacron[870]: Job `cron.daily' terminated
Jan 25 15:14:34 cu-cs-vm anacron[870]: Job `cron.weekly' started
Jan 25 15:14:34 cu-cs-vm anacron[2820]: Updated timestamp for job `cron.weekly' to 2015-01-25
Jan 25 15:14:35 cu-cs-vm uptimed: moving up to position 4: 0 days, 00:10:08
Jan 25 15:15:36 cu-cs-vm anacron[870]: Job `cron.weekly' terminated
Jan 25 15:17:01 cu-cs-vm CRON[2913]: (root) CMD (   cd / && run-parts --report /etc/cron.hourly)
Jan 25 15:17:23 cu-cs-vm kernel: [  774.634208] SGI XFS with ACLs, security attributes, realtime, large block/inode numbers, no debug enabled
Jan 25 15:17:23 cu-cs-vm kernel: [  774.659864] JFS: nTxBlock = 8192, nTxLock = 65536
Jan 25 15:17:23 cu-cs-vm kernel: [  774.696589] NTFS driver 2.1.30 [Flags: R/O MODULE].
Jan 25 15:17:23 cu-cs-vm kernel: [  774.730899] QNX4 filesystem 0.2.3 registered.
Jan 25 15:19:02 cu-cs-vm dbus[493]: [system] Activating service name='org.freedesktop.systemd1' (using servicehelper)
Jan 25 15:19:02 cu-cs-vm dbus[493]: [system] Successfully activated service 'org.freedesktop.systemd1'
Jan 25 15:09:44 cu-cs-vm rsyslogd: [origin software="rsyslogd" swVersion="7.4.4" x-pid="465" x-info="http://www.rsyslog.com"] rsyslogd was HUPed
Jan 25 15:19:02 cu-cs-vm rsyslogd: [origin software="rsyslogd" swVersion="7.4.4" x-pid="465" x-info="http://www.rsyslog.com"] exiting on signal 15.
Jan 25 15:21:10 cu-cs-vm rsyslogd: [origin software="rsyslogd" swVersion="7.4.4" x-pid="453" x-info="http://www.rsyslog.com"] start
Jan 25 15:21:10 cu-cs-vm rsyslogd: rsyslogd's groupid changed to 104
Jan 25 15:21:10 cu-cs-vm rsyslogd: rsyslogd's userid changed to 101
Jan 25 15:21:10 cu-cs-vm kernel: [    0.000000] Initializing cgroup subsys cpuset
Jan 25 15:21:10 cu-cs-vm kernel: [    0.000000] Initializing cgroup subsys cpu
Jan 25 15:21:10 cu-cs-vm kernel: [    0.000000] Initializing cgroup subsys cpuacct
Jan 25 15:21:10 cu-cs-vm kernel: [    0.000000] Linux version 3.13.0-44-generic (buildd@lamiak) (gcc version 4.8.2 (Ubuntu 4.8.2-19ubuntu1) ) #73-Ubuntu SMP Tue Dec 16 00:22:43 UTC 2014 (Ubuntu 3.13.0-44.73-generic 3.13.11-ckt12)
Jan 25 15:21:10 cu-cs-vm kernel: [    0.000000] Command line: BOOT_IMAGE=/@/boot/vmlinuz-3.13.0-44-generic root=UUID=4d4d4956-efb6-4c5c-9455-e11d9e4726c6 ro rootflags=subvol=@ quiet splash vt.handoff=7
Jan 25 15:21:10 cu-cs-vm kernel: [    0.000000] KERNEL supported cpus:
Jan 25 15:21:10 cu-cs-vm kernel: [    0.000000]   Intel GenuineIntel
Jan 25 15:21:10 cu-cs-vm kernel: [    0.000000]   AMD AuthenticAMD
Jan 25 15:21:10 cu-cs-vm kernel: [    0.000000]   Centaur CentaurHauls
Jan 25 15:21:10 cu-cs-vm kernel: [    0.000000] e820: BIOS-provided physical RAM map:
Jan 25 15:21:10 cu-cs-vm kernel: [    0.000000] BIOS-e820: [mem 0x0000000000000000-0x000000000009fbff] usable
Jan 25 15:21:10 cu-cs-vm kernel: [    0.000000] BIOS-e820: [mem 0x000000000009fc00-0x000000000009ffff] reserved
Jan 25 15:21:10 cu-cs-vm kernel: [    0.000000] BIOS-e820: [mem 0x00000000000f0000-0x00000000000fffff] reserved
Jan 25 15:21:10 cu-cs-vm kernel: [    0.000000] BIOS-e820: [mem 0x0000000000100000-0x000000007ffeffff] usable
Jan 25 15:21:10 cu-cs-vm kernel: [    0.000000] BIOS-e820: [mem 0x000000007fff0000-0x000000007fffffff] ACPI data
Jan 25 15:21:10 cu-cs-vm kernel: [    0.000000] BIOS-e820: [mem 0x00000000fffc0000-0x00000000ffffffff] reserved
Jan 25 15:21:10 cu-cs-vm kernel: [    0.000000] Notice: NX (Execute Disable) protection missing in CPU!
Jan 25 15:21:10 cu-cs-vm kernel: [    0.000000] SMBIOS 2.5 present.
Jan 25 15:21:10 cu-cs-vm kernel: [    0.000000] DMI: innotek GmbH VirtualBox/VirtualBox, BIOS VirtualBox 12/01/2006
Jan 25 15:21:10 cu-cs-vm kernel: [    0.000000] e820: update [mem 0x00000000-0x00000fff] usable ==> reserved
Jan 25 15:21:10 cu-cs-vm kernel: [    0.000000] e820: remove [mem 0x000a0000-0x000fffff] usable
Jan 25 15:21:10 cu-cs-vm kernel: [    0.000000] No AGP bridge found
Jan 25 15:21:10 cu-cs-vm kernel: [    0.000000] e820: last_pfn = 0x7fff0 max_arch_pfn = 0x400000000
Jan 25 15:21:10 cu-cs-vm kernel: [    0.000000] MTRR default type: uncachable
Jan 25 15:21:10 cu-cs-vm kernel: [    0.000000] MTRR variable ranges disabled:
Jan 25 15:21:10 cu-cs-vm kernel: [    0.000000] x86 PAT enabled: cpu 0, old 0x7040600070406, new 0x7010600070106
Jan 25 15:21:10 cu-cs-vm kernel: [    0.000000] CPU MTRRs all blank - virtualized system.
Jan 25 15:21:10 cu-cs-vm kernel: [    0.000000] found SMP MP-table at [mem 0x0009fff0-0x0009ffff] mapped at [ffff88000009fff0]
Jan 25 15:21:10 cu-cs-vm kernel: [    0.000000] Scanning 1 areas for low memory corruption
Jan 25 15:21:10 cu-cs-vm kernel: [    0.000000] Base memory trampoline at [ffff880000099000] 99000 size 24576
Jan 25 15:21:10 cu-cs-vm kernel: [    0.000000] init_memory_mapping: [mem 0x00000000-0x000fffff]
Jan 25 15:21:10 cu-cs-vm kernel: [    0.000000]  [mem 0x00000000-0x000fffff] page 4k
Jan 25 15:21:10 cu-cs-vm kernel: [    0.000000] BRK [0x01fe1000, 0x01fe1fff] PGTABLE
Jan 25 15:21:10 cu-cs-vm kernel: [    0.000000] BRK [0x01fe2000, 0x01fe2fff] PGTABLE
Jan 25 15:21:10 cu-cs-vm kernel: [    0.000000] BRK [0x01fe3000, 0x01fe3fff] PGTABLE
Jan 25 15:21:10 cu-cs-vm kernel: [    0.000000] init_memory_mapping: [mem 0x7fc00000-0x7fdfffff]
Jan 25 15:21:10 cu-cs-vm kernel: [    0.000000]  [mem 0x7fc00000-0x7fdfffff] page 2M
Jan 25 15:21:10 cu-cs-vm kernel: [    0.000000] BRK [0x01fe4000, 0x01fe4fff] PGTABLE
Jan 25 15:21:10 cu-cs-vm kernel: [    0.000000] init_memory_mapping: [mem 0x7c000000-0x7fbfffff]
Jan 25 15:21:10 cu-cs-vm kernel: [    0.000000]  [mem 0x7c000000-0x7fbfffff] page 2M
Jan 25 15:21:10 cu-cs-vm kernel: [    0.000000] init_memory_mapping: [mem 0x00100000-0x7bffffff]
Jan 25 15:21:10 cu-cs-vm kernel: [    0.000000]  [mem 0x00100000-0x001fffff] page 4k
Jan 25 15:21:10 cu-cs-vm kernel: [    0.000000]  [mem 0x00200000-0x7bffffff] page 2M
Jan 25 15:21:10 cu-cs-vm kernel: [    0.000000] init_memory_mapping: [mem 0x7fe00000-0x7ffeffff]
Jan 25 15:21:10 cu-cs-vm kernel: [    0.000000]  [mem 0x7fe00000-0x7ffeffff] page 4k
Jan 25 15:21:10 cu-cs-vm kernel: [    0.000000] BRK [0x01fe5000, 0x01fe5fff] PGTABLE
Jan 25 15:21:10 cu-cs-vm kernel: [    0.000000] RAMDISK: [mem 0x35aa8000-0x36d4bfff]
Jan 25 15:21:10 cu-cs-vm kernel: [    0.000000] ACPI: RSDP 00000000000e0000 000024 (v02 VBOX  )
Jan 25 15:21:10 cu-cs-vm kernel: [    0.000000] ACPI: XSDT 000000007fff0040 00004C (v01 VBOX   VBOXXSDT 00000001 ASL  00000061)
Jan 25 15:21:10 cu-cs-vm kernel: [    0.000000] ACPI: FACP 000000007fff0110 0000F4 (v04 VBOX   VBOXFACP 00000001 ASL  00000061)
Jan 25 15:21:10 cu-cs-vm kernel: [    0.000000] ACPI: DSDT 000000007fff0530 001B96 (v01 VBOX   VBOXBIOS 00000002 INTL 20100528)
Jan 25 15:21:10 cu-cs-vm kernel: [    0.000000] ACPI: FACS 000000007fff0240 000040
Jan 25 15:21:10 cu-cs-vm kernel: [    0.000000] ACPI: APIC 000000007fff0280 00005C (v02 VBOX   VBOXAPIC 00000001 ASL  00000061)
Jan 25 15:21:10 cu-cs-vm kernel: [    0.000000] ACPI: HPET 000000007fff02e0 000038 (v01 VBOX   VBOXHPET 00000001 ASL  00000061)
Jan 25 15:21:10 cu-cs-vm kernel: [    0.000000] ACPI: MCFG 000000007fff0320 00003C (v01 VBOX   VBOXMCFG 00000001 ASL  00000061)
Jan 25 15:21:10 cu-cs-vm kernel: [    0.000000] ACPI: SSDT 000000007fff0360 0001CC (v01 VBOX   VBOXCPUT 00000002 INTL 20100528)
Jan 25 15:21:10 cu-cs-vm kernel: [    0.000000] ACPI: Local APIC address 0xfee00000
Jan 25 15:21:10 cu-cs-vm kernel: [    0.000000] No NUMA configuration found
Jan 25 15:21:10 cu-cs-vm kernel: [    0.000000] Faking a node at [mem 0x0000000000000000-0x000000007ffeffff]
Jan 25 15:21:10 cu-cs-vm kernel: [    0.000000] Initmem setup node 0 [mem 0x00000000-0x7ffeffff]
Jan 25 15:21:10 cu-cs-vm kernel: [    0.000000]   NODE_DATA [mem 0x7ffeb000-0x7ffeffff]
Jan 25 15:21:10 cu-cs-vm kernel: [    0.000000]  [ffffea0000000000-ffffea0001ffffff] PMD -> [ffff88007d600000-ffff88007f5fffff] on node 0
Jan 25 15:21:10 cu-cs-vm kernel: [    0.000000] Zone ranges:
Jan 25 15:21:10 cu-cs-vm kernel: [    0.000000]   DMA      [mem 0x00001000-0x00ffffff]
Jan 25 15:21:10 cu-cs-vm kernel: [    0.000000]   DMA32    [mem 0x01000000-0xffffffff]
Jan 25 15:21:10 cu-cs-vm kernel: [    0.000000]   Normal   empty
Jan 25 15:21:10 cu-cs-vm kernel: [    0.000000] Movable zone start for each node
Jan 25 15:21:10 cu-cs-vm kernel: [    0.000000] Early memory node ranges
Jan 25 15:21:10 cu-cs-vm kernel: [    0.000000]   node   0: [mem 0x00001000-0x0009efff]
Jan 25 15:21:10 cu-cs-vm kernel: [    0.000000]   node   0: [mem 0x00100000-0x7ffeffff]
Jan 25 15:21:10 cu-cs-vm kernel: [    0.000000] On node 0 totalpages: 524174
Jan 25 15:21:10 cu-cs-vm kernel: [    0.000000]   DMA zone: 64 pages used for memmap
Jan 25 15:21:10 cu-cs-vm kernel: [    0.000000]   DMA zone: 21 pages reserved
Jan 25 15:21:10 cu-cs-vm kernel: [    0.000000]   DMA zone: 3998 pages, LIFO batch:0
Jan 25 15:21:10 cu-cs-vm kernel: [    0.000000]   DMA32 zone: 8128 pages used for memmap
Jan 25 15:21:10 cu-cs-vm kernel: [    0.000000]   DMA32 zone: 520176 pages, LIFO batch:31
Jan 25 15:21:10 cu-cs-vm kernel: [    0.000000] ACPI: PM-Timer IO Port: 0x4008
Jan 25 15:21:10 cu-cs-vm kernel: [    0.000000] ACPI: Local APIC address 0xfee00000
Jan 25 15:21:10 cu-cs-vm kernel: [    0.000000] ACPI: LAPIC (acpi_id[0x00] lapic_id[0x00] enabled)
Jan 25 15:21:10 cu-cs-vm kernel: [    0.000000] ACPI: LAPIC (acpi_id[0x01] lapic_id[0x01] enabled)
Jan 25 15:21:10 cu-cs-vm kernel: [    0.000000] ACPI: IOAPIC (id[0x02] address[0xfec00000] gsi_base[0])
Jan 25 15:21:10 cu-cs-vm kernel: [    0.000000] IOAPIC[0]: apic_id 2, version 17, address 0xfec00000, GSI 0-23
Jan 25 15:21:10 cu-cs-vm kernel: [    0.000000] ACPI: INT_SRC_OVR (bus 0 bus_irq 0 global_irq 2 dfl dfl)
Jan 25 15:21:10 cu-cs-vm kernel: [    0.000000] ACPI: INT_SRC_OVR (bus 0 bus_irq 9 global_irq 9 high level)
Jan 25 15:21:10 cu-cs-vm kernel: [    0.000000] ACPI: IRQ0 used by override.
Jan 25 15:21:10 cu-cs-vm kernel: [    0.000000] ACPI: IRQ2 used by override.
Jan 25 15:21:10 cu-cs-vm kernel: [    0.000000] ACPI: IRQ9 used by override.
Jan 25 15:21:10 cu-cs-vm kernel: [    0.000000] Using ACPI (MADT) for SMP configuration information
Jan 25 15:21:10 cu-cs-vm kernel: [    0.000000] ACPI: HPET id: 0x8086a201 base: 0xfed00000
Jan 25 15:21:10 cu-cs-vm kernel: [    0.000000] smpboot: Allowing 2 CPUs, 0 hotplug CPUs
Jan 25 15:21:10 cu-cs-vm kernel: [    0.000000] nr_irqs_gsi: 40
Jan 25 15:21:10 cu-cs-vm kernel: [    0.000000] PM: Registered nosave memory: [mem 0x0009f000-0x0009ffff]
Jan 25 15:21:10 cu-cs-vm kernel: [    0.000000] PM: Registered nosave memory: [mem 0x000a0000-0x000effff]
Jan 25 15:21:10 cu-cs-vm kernel: [    0.000000] PM: Registered nosave memory: [mem 0x000f0000-0x000fffff]
Jan 25 15:21:10 cu-cs-vm kernel: [    0.000000] e820: [mem 0x80000000-0xfffbffff] available for PCI devices
Jan 25 15:21:10 cu-cs-vm kernel: [    0.000000] Booting paravirtualized kernel on bare hardware
Jan 25 15:21:10 cu-cs-vm kernel: [    0.000000] setup_percpu: NR_CPUS:256 nr_cpumask_bits:256 nr_cpu_ids:2 nr_node_ids:1
Jan 25 15:21:10 cu-cs-vm kernel: [    0.000000] PERCPU: Embedded 28 pages/cpu @ffff88007fc00000 s82304 r8192 d24192 u1048576
Jan 25 15:21:10 cu-cs-vm kernel: [    0.000000] pcpu-alloc: s82304 r8192 d24192 u1048576 alloc=1*2097152
Jan 25 15:21:10 cu-cs-vm kernel: [    0.000000] pcpu-alloc: [0] 0 1 
Jan 25 15:21:10 cu-cs-vm kernel: [    0.000000] Built 1 zonelists in Node order, mobility grouping on.  Total pages: 515961
Jan 25 15:21:10 cu-cs-vm kernel: [    0.000000] Policy zone: DMA32
Jan 25 15:21:10 cu-cs-vm kernel: [    0.000000] Kernel command line: BOOT_IMAGE=/@/boot/vmlinuz-3.13.0-44-generic root=UUID=4d4d4956-efb6-4c5c-9455-e11d9e4726c6 ro rootflags=subvol=@ quiet splash vt.handoff=7
Jan 25 15:21:10 cu-cs-vm kernel: [    0.000000] PID hash table entries: 4096 (order: 3, 32768 bytes)
Jan 25 15:21:10 cu-cs-vm kernel: [    0.000000] Checking aperture...
Jan 25 15:21:10 cu-cs-vm kernel: [    0.000000] No AGP bridge found
Jan 25 15:21:10 cu-cs-vm kernel: [    0.000000] Calgary: detecting Calgary via BIOS EBDA area
Jan 25 15:21:10 cu-cs-vm kernel: [    0.000000] Calgary: Unable to locate Rio Grande table in EBDA - bailing!
Jan 25 15:21:10 cu-cs-vm kernel: [    0.000000] Memory: 2027976K/2096696K available (7383K kernel code, 1144K rwdata, 3408K rodata, 1336K init, 1444K bss, 68720K reserved)
Jan 25 15:21:10 cu-cs-vm kernel: [    0.000000] SLUB: HWalign=64, Order=0-3, MinObjects=0, CPUs=2, Nodes=1
Jan 25 15:21:10 cu-cs-vm kernel: [    0.000000] Hierarchical RCU implementation.
Jan 25 15:21:10 cu-cs-vm kernel: [    0.000000] 	RCU dyntick-idle grace-period acceleration is enabled.
Jan 25 15:21:10 cu-cs-vm kernel: [    0.000000] 	RCU restricting CPUs from NR_CPUS=256 to nr_cpu_ids=2.
Jan 25 15:21:10 cu-cs-vm kernel: [    0.000000] 	Offload RCU callbacks from all CPUs
Jan 25 15:21:10 cu-cs-vm kernel: [    0.000000] 	Offload RCU callbacks from CPUs: 0-1.
Jan 25 15:21:10 cu-cs-vm kernel: [    0.000000] NR_IRQS:16640 nr_irqs:512 16
Jan 25 15:21:10 cu-cs-vm kernel: [    0.000000] Console: colour dummy device 80x25
Jan 25 15:21:10 cu-cs-vm kernel: [    0.000000] console [tty0] enabled
Jan 25 15:21:10 cu-cs-vm kernel: [    0.000000] allocated 8388608 bytes of page_cgroup
Jan 25 15:21:10 cu-cs-vm kernel: [    0.000000] please try 'cgroup_disable=memory' option if you don't want memory cgroups
Jan 25 15:21:10 cu-cs-vm kernel: [    0.000000] hpet clockevent registered
Jan 25 15:21:10 cu-cs-vm kernel: [    0.000000] tsc: Fast TSC calibration using PIT
Jan 25 15:21:10 cu-cs-vm kernel: [    0.000000] tsc: Detected 3359.066 MHz processor
Jan 25 15:21:10 cu-cs-vm kernel: [    0.004007] Calibrating delay loop (skipped), value calculated using timer frequency.. 6718.13 BogoMIPS (lpj=13436264)
Jan 25 15:21:10 cu-cs-vm kernel: [    0.004012] pid_max: default: 32768 minimum: 301
Jan 25 15:21:10 cu-cs-vm kernel: [    0.004057] Security Framework initialized
Jan 25 15:21:10 cu-cs-vm kernel: [    0.004079] AppArmor: AppArmor initialized
Jan 25 15:21:10 cu-cs-vm kernel: [    0.004082] Yama: becoming mindful.
Jan 25 15:21:10 cu-cs-vm kernel: [    0.008020] Dentry cache hash table entries: 262144 (order: 9, 2097152 bytes)
Jan 25 15:21:10 cu-cs-vm kernel: [    0.008349] Inode-cache hash table entries: 131072 (order: 8, 1048576 bytes)
Jan 25 15:21:10 cu-cs-vm kernel: [    0.008578] Mount-cache hash table entries: 4096 (order: 3, 32768 bytes)
Jan 25 15:21:10 cu-cs-vm kernel: [    0.008583] Mountpoint-cache hash table entries: 4096 (order: 3, 32768 bytes)
Jan 25 15:21:10 cu-cs-vm kernel: [    0.008775] Initializing cgroup subsys memory
Jan 25 15:21:10 cu-cs-vm kernel: [    0.008782] Initializing cgroup subsys devices
Jan 25 15:21:10 cu-cs-vm kernel: [    0.008785] Initializing cgroup subsys freezer
Jan 25 15:21:10 cu-cs-vm kernel: [    0.008788] Initializing cgroup subsys blkio
Jan 25 15:21:10 cu-cs-vm kernel: [    0.008791] Initializing cgroup subsys perf_event
Jan 25 15:21:10 cu-cs-vm kernel: [    0.008794] Initializing cgroup subsys hugetlb
Jan 25 15:21:10 cu-cs-vm kernel: [    0.008895] CPU: Physical Processor ID: 0
Jan 25 15:21:10 cu-cs-vm kernel: [    0.008898] CPU: Processor Core ID: 0
Jan 25 15:21:10 cu-cs-vm kernel: [    0.008902] mce: CPU supports 0 MCE banks
Jan 25 15:21:10 cu-cs-vm kernel: [    0.008942] Last level iTLB entries: 4KB 512, 2MB 0, 4MB 0
Jan 25 15:21:10 cu-cs-vm kernel: [    0.008942] Last level dTLB entries: 4KB 512, 2MB 32, 4MB 32
Jan 25 15:21:10 cu-cs-vm kernel: [    0.008942] tlb_flushall_shift: 5
Jan 25 15:21:10 cu-cs-vm kernel: [    0.009088] Freeing SMP alternatives memory: 32K (ffffffff81e6e000 - ffffffff81e76000)
Jan 25 15:21:10 cu-cs-vm kernel: [    0.015010] ACPI: Core revision 20131115
Jan 25 15:21:10 cu-cs-vm kernel: [    0.016440] ACPI: All ACPI Tables successfully acquired
Jan 25 15:21:10 cu-cs-vm kernel: [    0.016475] ftrace: allocating 28554 entries in 112 pages
Jan 25 15:21:10 cu-cs-vm kernel: [    0.032338] ..TIMER: vector=0x30 apic1=0 pin1=2 apic2=-1 pin2=-1
Jan 25 15:21:10 cu-cs-vm kernel: [    0.073773] smpboot: CPU0: Intel(R) Core(TM) i7-2600K CPU @ 3.40GHz (fam: 06, model: 2a, stepping: 07)
Jan 25 15:21:10 cu-cs-vm kernel: [    0.076000] APIC calibration not consistent with PM-Timer: 96ms instead of 100ms
Jan 25 15:21:10 cu-cs-vm kernel: [    0.076000] APIC delta adjusted to PM-Timer: 6249901 (6050996)
Jan 25 15:21:10 cu-cs-vm kernel: [    0.076000] Performance Events: unsupported p6 CPU model 42 no PMU driver, software events only.
Jan 25 15:21:10 cu-cs-vm kernel: [    0.076000] x86: Booting SMP configuration:
Jan 25 15:21:10 cu-cs-vm kernel: [    0.084956] NMI watchdog: disabled (cpu0): hardware events not enabled
Jan 25 15:21:10 cu-cs-vm kernel: [    0.076000] mce: CPU supports 0 MCE banks
Jan 25 15:21:10 cu-cs-vm kernel: [    0.076000] .... node  #0, CPUs:      #1
Jan 25 15:21:10 cu-cs-vm kernel: [    0.087154] x86: Booted up 1 node, 2 CPUs
Jan 25 15:21:10 cu-cs-vm kernel: [    0.087159] smpboot: Total of 2 processors activated (13436.26 BogoMIPS)
Jan 25 15:21:10 cu-cs-vm kernel: [    0.088088] devtmpfs: initialized
Jan 25 15:21:10 cu-cs-vm kernel: [    0.090449] EVM: security.selinux
Jan 25 15:21:10 cu-cs-vm kernel: [    0.090452] EVM: security.SMACK64
Jan 25 15:21:10 cu-cs-vm kernel: [    0.090454] EVM: security.ima
Jan 25 15:21:10 cu-cs-vm kernel: [    0.090457] EVM: security.capability
Jan 25 15:21:10 cu-cs-vm kernel: [    0.090604] pinctrl core: initialized pinctrl subsystem
Jan 25 15:21:10 cu-cs-vm kernel: [    0.090604] regulator-dummy: no parameters
Jan 25 15:21:10 cu-cs-vm kernel: [    0.090604] RTC time: 22:21:07, date: 01/25/15
Jan 25 15:21:10 cu-cs-vm kernel: [    0.090604] NET: Registered protocol family 16
Jan 25 15:21:10 cu-cs-vm kernel: [    0.090604] cpuidle: using governor ladder
Jan 25 15:21:10 cu-cs-vm kernel: [    0.090604] cpuidle: using governor menu
Jan 25 15:21:10 cu-cs-vm kernel: [    0.090604] ACPI: bus type PCI registered
Jan 25 15:21:10 cu-cs-vm kernel: [    0.090604] acpiphp: ACPI Hot Plug PCI Controller Driver version: 0.5
Jan 25 15:21:10 cu-cs-vm kernel: [    0.090604] PCI: MMCONFIG for domain 0000 [bus 00-3f] at [mem 0xdc000000-0xdfffffff] (base 0xdc000000)
Jan 25 15:21:10 cu-cs-vm kernel: [    0.090604] PCI: not using MMCONFIG
Jan 25 15:21:10 cu-cs-vm kernel: [    0.090604] PCI: Using configuration type 1 for base access
Jan 25 15:21:10 cu-cs-vm kernel: [    0.092044] bio: create slab <bio-0> at 0
Jan 25 15:21:10 cu-cs-vm kernel: [    0.092151] ACPI: Added _OSI(Module Device)
Jan 25 15:21:10 cu-cs-vm kernel: [    0.092153] ACPI: Added _OSI(Processor Device)
Jan 25 15:21:10 cu-cs-vm kernel: [    0.092156] ACPI: Added _OSI(3.0 _SCP Extensions)
Jan 25 15:21:10 cu-cs-vm kernel: [    0.092158] ACPI: Added _OSI(Processor Aggregator Device)
Jan 25 15:21:10 cu-cs-vm kernel: [    0.092645] ACPI: Executed 1 blocks of module-level executable AML code
Jan 25 15:21:10 cu-cs-vm kernel: [    0.094356] ACPI: Interpreter enabled
Jan 25 15:21:10 cu-cs-vm kernel: [    0.094362] ACPI Exception: AE_NOT_FOUND, While evaluating Sleep State [\_S1_] (20131115/hwxface-580)
Jan 25 15:21:10 cu-cs-vm kernel: [    0.094366] ACPI Exception: AE_NOT_FOUND, While evaluating Sleep State [\_S2_] (20131115/hwxface-580)
Jan 25 15:21:10 cu-cs-vm kernel: [    0.094370] ACPI Exception: AE_NOT_FOUND, While evaluating Sleep State [\_S3_] (20131115/hwxface-580)
Jan 25 15:21:10 cu-cs-vm kernel: [    0.094374] ACPI Exception: AE_NOT_FOUND, While evaluating Sleep State [\_S4_] (20131115/hwxface-580)
Jan 25 15:21:10 cu-cs-vm kernel: [    0.094380] ACPI: (supports S0 S5)
Jan 25 15:21:10 cu-cs-vm kernel: [    0.094383] ACPI: Using IOAPIC for interrupt routing
Jan 25 15:21:10 cu-cs-vm kernel: [    0.094523] PCI: MMCONFIG for domain 0000 [bus 00-3f] at [mem 0xdc000000-0xdfffffff] (base 0xdc000000)
Jan 25 15:21:10 cu-cs-vm kernel: [    0.094663] PCI: MMCONFIG at [mem 0xdc000000-0xdfffffff] reserved in ACPI motherboard resources
Jan 25 15:21:10 cu-cs-vm kernel: [    0.097407] PCI: Ignoring host bridge windows from ACPI; if necessary, use "pci=use_crs" and report a bug
Jan 25 15:21:10 cu-cs-vm kernel: [    0.097447] ACPI: No dock devices found.
Jan 25 15:21:10 cu-cs-vm kernel: [    0.099351] ACPI: PCI Root Bridge [PCI0] (domain 0000 [bus 00-ff])
Jan 25 15:21:10 cu-cs-vm kernel: [    0.099357] acpi PNP0A03:00: _OSC: OS supports [ExtendedConfig ASPM ClockPM Segments MSI]
Jan 25 15:21:10 cu-cs-vm kernel: [    0.099362] acpi PNP0A03:00: _OSC failed (AE_NOT_FOUND); disabling ASPM
Jan 25 15:21:10 cu-cs-vm kernel: [    0.099440] acpi PNP0A03:00: host bridge window [io  0x0000-0x0cf7] (ignored)
Jan 25 15:21:10 cu-cs-vm kernel: [    0.099444] acpi PNP0A03:00: host bridge window [io  0x0d00-0xffff] (ignored)
Jan 25 15:21:10 cu-cs-vm kernel: [    0.099447] acpi PNP0A03:00: host bridge window [mem 0x000a0000-0x000bffff] (ignored)
Jan 25 15:21:10 cu-cs-vm kernel: [    0.099450] acpi PNP0A03:00: host bridge window [mem 0x80000000-0xffdfffff] (ignored)
Jan 25 15:21:10 cu-cs-vm kernel: [    0.099453] PCI: root bus 00: using default resources
Jan 25 15:21:10 cu-cs-vm kernel: [    0.099456] acpi PNP0A03:00: [Firmware Info]: MMCONFIG for domain 0000 [bus 00-3f] only partially covers this bridge
Jan 25 15:21:10 cu-cs-vm kernel: [    0.099613] PCI host bridge to bus 0000:00
Jan 25 15:21:10 cu-cs-vm kernel: [    0.099617] pci_bus 0000:00: root bus resource [bus 00-ff]
Jan 25 15:21:10 cu-cs-vm kernel: [    0.099621] pci_bus 0000:00: root bus resource [io  0x0000-0xffff]
Jan 25 15:21:10 cu-cs-vm kernel: [    0.099624] pci_bus 0000:00: root bus resource [mem 0x00000000-0xfffffffff]
Jan 25 15:21:10 cu-cs-vm kernel: [    0.099668] pci 0000:00:02.0: [80ee:beef] type 00 class 0x030000
Jan 25 15:21:10 cu-cs-vm kernel: [    0.100280] pci 0000:00:02.0: reg 0x10: [mem 0xe0000000-0xe1ffffff pref]
Jan 25 15:21:10 cu-cs-vm kernel: [    0.110559] pci 0000:00:03.0: [8086:100e] type 00 class 0x020000
Jan 25 15:21:10 cu-cs-vm kernel: [    0.112383] pci 0000:00:03.0: reg 0x10: [mem 0xf0000000-0xf001ffff]
Jan 25 15:21:10 cu-cs-vm kernel: [    0.114461] pci 0000:00:03.0: reg 0x18: [io  0xd000-0xd007]
Jan 25 15:21:10 cu-cs-vm kernel: [    0.118341] pci 0000:00:04.0: [80ee:cafe] type 00 class 0x088000
Jan 25 15:21:10 cu-cs-vm kernel: [    0.119241] pci 0000:00:04.0: reg 0x10: [io  0xd020-0xd03f]
Jan 25 15:21:10 cu-cs-vm kernel: [    0.120403] pci 0000:00:04.0: reg 0x14: [mem 0xf0400000-0xf07fffff]
Jan 25 15:21:10 cu-cs-vm kernel: [    0.121484] pci 0000:00:04.0: reg 0x18: [mem 0xf0800000-0xf0803fff pref]
Jan 25 15:21:10 cu-cs-vm kernel: [    0.125322] pci 0000:00:05.0: [8086:2415] type 00 class 0x040100
Jan 25 15:21:10 cu-cs-vm kernel: [    0.125418] pci 0000:00:05.0: reg 0x10: [io  0xd100-0xd1ff]
Jan 25 15:21:10 cu-cs-vm kernel: [    0.125481] pci 0000:00:05.0: reg 0x14: [io  0xd200-0xd23f]
Jan 25 15:21:10 cu-cs-vm kernel: [    0.125993] pci 0000:00:07.0: [8086:7113] type 00 class 0x068000
Jan 25 15:21:10 cu-cs-vm kernel: [    0.126744] pci 0000:00:18.0: [8086:2448] type 01 class 0x060401
Jan 25 15:21:10 cu-cs-vm kernel: [    0.127072] pci 0000:00:19.0: [8086:2448] type 01 class 0x060401
Jan 25 15:21:10 cu-cs-vm kernel: [    0.127463] pci 0000:00:1f.0: [8086:27b9] type 00 class 0x060100
Jan 25 15:21:10 cu-cs-vm kernel: [    0.127898] pci 0000:00:1f.0: quirk: [io  0x8000-0x807f] claimed by ICH6 ACPI/GPIO/TCO
Jan 25 15:21:10 cu-cs-vm kernel: [    0.128280] pci 0000:00:1f.2: [8086:2829] type 00 class 0x010601
Jan 25 15:21:10 cu-cs-vm kernel: [    0.129315] pci 0000:00:1f.2: reg 0x10: [io  0xe000-0xe007]
Jan 25 15:21:10 cu-cs-vm kernel: [    0.130219] pci 0000:00:1f.2: reg 0x14: [io  0xe008-0xe00b]
Jan 25 15:21:10 cu-cs-vm kernel: [    0.131117] pci 0000:00:1f.2: reg 0x18: [io  0xe010-0xe017]
Jan 25 15:21:10 cu-cs-vm kernel: [    0.132033] pci 0000:00:1f.2: reg 0x1c: [io  0xe018-0xe01b]
Jan 25 15:21:10 cu-cs-vm kernel: [    0.133043] pci 0000:00:1f.2: reg 0x20: [io  0xe020-0xe02f]
Jan 25 15:21:10 cu-cs-vm kernel: [    0.133950] pci 0000:00:1f.2: reg 0x24: [mem 0xf0900000-0xf0901fff]
Jan 25 15:21:10 cu-cs-vm kernel: [    0.135531] pci 0000:00:1f.4: [106b:003f] type 00 class 0x0c0310
Jan 25 15:21:10 cu-cs-vm kernel: [    0.136386] pci 0000:00:1f.4: reg 0x10: [mem 0xf0902000-0xf0902fff]
Jan 25 15:21:10 cu-cs-vm kernel: [    0.142557] pci 0000:00:18.0: PCI bridge to [bus 01] (subtractive decode)
Jan 25 15:21:10 cu-cs-vm kernel: [    0.142610] pci 0000:00:18.0:   bridge window [io  0x0000-0xffff] (subtractive decode)
Jan 25 15:21:10 cu-cs-vm kernel: [    0.142613] pci 0000:00:18.0:   bridge window [mem 0x00000000-0xfffffffff] (subtractive decode)
Jan 25 15:21:10 cu-cs-vm kernel: [    0.142941] pci 0000:00:19.0: PCI bridge to [bus 02] (subtractive decode)
Jan 25 15:21:10 cu-cs-vm kernel: [    0.142990] pci 0000:00:19.0:   bridge window [io  0x0000-0xffff] (subtractive decode)
Jan 25 15:21:10 cu-cs-vm kernel: [    0.142993] pci 0000:00:19.0:   bridge window [mem 0x00000000-0xfffffffff] (subtractive decode)
Jan 25 15:21:10 cu-cs-vm kernel: [    0.143691] ACPI: PCI Interrupt Link [LNKA] (IRQs 5 9 10 *11)
Jan 25 15:21:10 cu-cs-vm kernel: [    0.143844] ACPI: PCI Interrupt Link [LNKB] (IRQs 5 *9 10 11)
Jan 25 15:21:10 cu-cs-vm kernel: [    0.143900] ACPI: PCI Interrupt Link [LNKC] (IRQs 5 9 10 *11)
Jan 25 15:21:10 cu-cs-vm kernel: [    0.144082] ACPI: PCI Interrupt Link [LNKD] (IRQs 5 *9 10 11)
Jan 25 15:21:10 cu-cs-vm kernel: [    0.144218] ACPI: Enabled 1 GPEs in block 00 to 07
Jan 25 15:21:10 cu-cs-vm kernel: [    0.144224] ACPI: \_SB_.PCI0: notify handler is installed
Jan 25 15:21:10 cu-cs-vm kernel: [    0.144234] Found 1 acpi root devices
Jan 25 15:21:10 cu-cs-vm kernel: [    0.144390] vgaarb: setting as boot device: PCI:0000:00:02.0
Jan 25 15:21:10 cu-cs-vm kernel: [    0.144390] vgaarb: device added: PCI:0000:00:02.0,decodes=io+mem,owns=io+mem,locks=none
Jan 25 15:21:10 cu-cs-vm kernel: [    0.144390] vgaarb: loaded
Jan 25 15:21:10 cu-cs-vm kernel: [    0.144390] vgaarb: bridge control possible 0000:00:02.0
Jan 25 15:21:10 cu-cs-vm kernel: [    0.144390] SCSI subsystem initialized
Jan 25 15:21:10 cu-cs-vm kernel: [    0.144390] libata version 3.00 loaded.
Jan 25 15:21:10 cu-cs-vm kernel: [    0.144390] ACPI: bus type USB registered
Jan 25 15:21:10 cu-cs-vm kernel: [    0.144390] usbcore: registered new interface driver usbfs
Jan 25 15:21:10 cu-cs-vm kernel: [    0.144390] usbcore: registered new interface driver hub
Jan 25 15:21:10 cu-cs-vm kernel: [    0.144390] usbcore: registered new device driver usb
Jan 25 15:21:10 cu-cs-vm kernel: [    0.144390] PCI: Using ACPI for IRQ routing
Jan 25 15:21:10 cu-cs-vm kernel: [    0.157368] PCI: pci_cache_line_size set to 64 bytes
Jan 25 15:21:10 cu-cs-vm kernel: [    0.157570] e820: reserve RAM buffer [mem 0x0009fc00-0x0009ffff]
Jan 25 15:21:10 cu-cs-vm kernel: [    0.157577] e820: reserve RAM buffer [mem 0x7fff0000-0x7fffffff]
Jan 25 15:21:10 cu-cs-vm kernel: [    0.157658] NetLabel: Initializing
Jan 25 15:21:10 cu-cs-vm kernel: [    0.157661] NetLabel:  domain hash size = 128
Jan 25 15:21:10 cu-cs-vm kernel: [    0.157664] NetLabel:  protocols = UNLABELED CIPSOv4
Jan 25 15:21:10 cu-cs-vm kernel: [    0.157678] NetLabel:  unlabeled traffic allowed by default
Jan 25 15:21:10 cu-cs-vm kernel: [    0.160054] HPET: 4 timers in total, 0 timers will be used for per-cpu timer
Jan 25 15:21:10 cu-cs-vm kernel: [    0.160072] hpet0: at MMIO 0xfed00000, IRQs 2, 8, 0, 0
Jan 25 15:21:10 cu-cs-vm kernel: [    0.160077] hpet0: 4 comparators, 64-bit 14.318180 MHz counter
Jan 25 15:21:10 cu-cs-vm kernel: [    0.162136] Switched to clocksource hpet
Jan 25 15:21:10 cu-cs-vm kernel: [    0.166853] AppArmor: AppArmor Filesystem Enabled
Jan 25 15:21:10 cu-cs-vm kernel: [    0.166884] pnp: PnP ACPI init
Jan 25 15:21:10 cu-cs-vm kernel: [    0.166897] ACPI: bus type PNP registered
Jan 25 15:21:10 cu-cs-vm kernel: [    0.166974] pnp 00:00: Plug and Play ACPI device, IDs PNP0303 (active)
Jan 25 15:21:10 cu-cs-vm kernel: [    0.166983] pnp 00:01: [dma 4]
Jan 25 15:21:10 cu-cs-vm kernel: [    0.166995] pnp 00:01: Plug and Play ACPI device, IDs PNP0200 (active)
Jan 25 15:21:10 cu-cs-vm kernel: [    0.167065] pnp 00:02: Plug and Play ACPI device, IDs PNP0f03 (active)
Jan 25 15:21:10 cu-cs-vm kernel: [    0.167100] pnp 00:03: Plug and Play ACPI device, IDs PNP0400 (active)
Jan 25 15:21:10 cu-cs-vm kernel: [    0.167158] pnp 00:04: Plug and Play ACPI device, IDs PNP0b00 (active)
Jan 25 15:21:10 cu-cs-vm kernel: [    0.167226] system 00:05: [mem 0xfed00000-0xfed003ff] has been reserved
Jan 25 15:21:10 cu-cs-vm kernel: [    0.167231] system 00:05: Plug and Play ACPI device, IDs PNP0103 PNP0c01 (active)
Jan 25 15:21:10 cu-cs-vm kernel: [    0.167577] pnp: PnP ACPI: found 6 devices
Jan 25 15:21:10 cu-cs-vm kernel: [    0.167580] ACPI: bus type PNP unregistered
Jan 25 15:21:10 cu-cs-vm kernel: [    0.184890] pci 0000:00:18.0: PCI bridge to [bus 01]
Jan 25 15:21:10 cu-cs-vm kernel: [    0.184966] pci 0000:00:19.0: PCI bridge to [bus 02]
Jan 25 15:21:10 cu-cs-vm kernel: [    0.185040] pci_bus 0000:00: resource 4 [io  0x0000-0xffff]
Jan 25 15:21:10 cu-cs-vm kernel: [    0.185043] pci_bus 0000:00: resource 5 [mem 0x00000000-0xfffffffff]
Jan 25 15:21:10 cu-cs-vm kernel: [    0.185046] pci_bus 0000:01: resource 4 [io  0x0000-0xffff]
Jan 25 15:21:10 cu-cs-vm kernel: [    0.185049] pci_bus 0000:01: resource 5 [mem 0x00000000-0xfffffffff]
Jan 25 15:21:10 cu-cs-vm kernel: [    0.185052] pci_bus 0000:02: resource 4 [io  0x0000-0xffff]
Jan 25 15:21:10 cu-cs-vm kernel: [    0.185055] pci_bus 0000:02: resource 5 [mem 0x00000000-0xfffffffff]
Jan 25 15:21:10 cu-cs-vm kernel: [    0.185087] NET: Registered protocol family 2
Jan 25 15:21:10 cu-cs-vm kernel: [    0.185253] TCP established hash table entries: 16384 (order: 5, 131072 bytes)
Jan 25 15:21:10 cu-cs-vm kernel: [    0.185287] TCP bind hash table entries: 16384 (order: 6, 262144 bytes)
Jan 25 15:21:10 cu-cs-vm kernel: [    0.185308] TCP: Hash tables configured (established 16384 bind 16384)
Jan 25 15:21:10 cu-cs-vm kernel: [    0.185321] TCP: reno registered
Jan 25 15:21:10 cu-cs-vm kernel: [    0.185327] UDP hash table entries: 1024 (order: 3, 32768 bytes)
Jan 25 15:21:10 cu-cs-vm kernel: [    0.185335] UDP-Lite hash table entries: 1024 (order: 3, 32768 bytes)
Jan 25 15:21:10 cu-cs-vm kernel: [    0.185381] NET: Registered protocol family 1
Jan 25 15:21:10 cu-cs-vm kernel: [    0.185401] pci 0000:00:02.0: Video device with shadowed ROM
Jan 25 15:21:10 cu-cs-vm kernel: [    0.186365] PCI: CLS 0 bytes, default 64
Jan 25 15:21:10 cu-cs-vm kernel: [    0.186438] Trying to unpack rootfs image as initramfs...
Jan 25 15:21:10 cu-cs-vm kernel: [    0.434061] Freeing initrd memory: 19088K (ffff880035aa8000 - ffff880036d4c000)
Jan 25 15:21:10 cu-cs-vm kernel: [    0.434470] microcode: CPU0 sig=0x206a7, pf=0x10, revision=0x0
Jan 25 15:21:10 cu-cs-vm kernel: [    0.434541] microcode: CPU1 sig=0x206a7, pf=0x10, revision=0x0
Jan 25 15:21:10 cu-cs-vm kernel: [    0.434733] microcode: Microcode Update Driver: v2.00 <tigran@aivazian.fsnet.co.uk>, Peter Oruba
Jan 25 15:21:10 cu-cs-vm kernel: [    0.434737] Scanning for low memory corruption every 60 seconds
Jan 25 15:21:10 cu-cs-vm kernel: [    0.435109] Initialise system trusted keyring
Jan 25 15:21:10 cu-cs-vm kernel: [    0.435142] audit: initializing netlink socket (disabled)
Jan 25 15:21:10 cu-cs-vm kernel: [    0.435154] type=2000 audit(1422224467.432:1): initialized
Jan 25 15:21:10 cu-cs-vm kernel: [    0.456294] HugeTLB registered 2 MB page size, pre-allocated 0 pages
Jan 25 15:21:10 cu-cs-vm kernel: [    0.457620] zbud: loaded
Jan 25 15:21:10 cu-cs-vm kernel: [    0.457775] VFS: Disk quotas dquot_6.5.2
Jan 25 15:21:10 cu-cs-vm kernel: [    0.457807] Dquot-cache hash table entries: 512 (order 0, 4096 bytes)
Jan 25 15:21:10 cu-cs-vm kernel: [    0.458437] fuse init (API version 7.22)
Jan 25 15:21:10 cu-cs-vm kernel: [    0.458650] msgmni has been set to 3998
Jan 25 15:21:10 cu-cs-vm kernel: [    0.458722] Key type big_key registered
Jan 25 15:21:10 cu-cs-vm kernel: [    0.462712] Key type asymmetric registered
Jan 25 15:21:10 cu-cs-vm kernel: [    0.462716] Asymmetric key parser 'x509' registered
Jan 25 15:21:10 cu-cs-vm kernel: [    0.462750] Block layer SCSI generic (bsg) driver version 0.4 loaded (major 252)
Jan 25 15:21:10 cu-cs-vm kernel: [    0.462915] io scheduler noop registered
Jan 25 15:21:10 cu-cs-vm kernel: [    0.462918] io scheduler deadline registered (default)
Jan 25 15:21:10 cu-cs-vm kernel: [    0.462942] io scheduler cfq registered
Jan 25 15:21:10 cu-cs-vm kernel: [    0.462996] pci_hotplug: PCI Hot Plug PCI Core version: 0.5
Jan 25 15:21:10 cu-cs-vm kernel: [    0.463007] pciehp: PCI Express Hot Plug Controller Driver version: 0.4
Jan 25 15:21:10 cu-cs-vm kernel: [    0.463040] vesafb: mode is 640x480x32, linelength=2560, pages=0
Jan 25 15:21:10 cu-cs-vm kernel: [    0.463043] vesafb: scrolling: redraw
Jan 25 15:21:10 cu-cs-vm kernel: [    0.463046] vesafb: Truecolor: size=8:8:8:8, shift=24:16:8:0
Jan 25 15:21:10 cu-cs-vm kernel: [    0.463102] vesafb: framebuffer at 0xe0000000, mapped to 0xffffc90004400000, using 1216k, total 1216k
Jan 25 15:21:10 cu-cs-vm kernel: [    0.464448] Console: switching to colour frame buffer device 80x30
Jan 25 15:21:10 cu-cs-vm kernel: [    0.464904] fb0: VESA VGA frame buffer device
Jan 25 15:21:10 cu-cs-vm kernel: [    0.464974] intel_idle: does not run on family 6 model 42
Jan 25 15:21:10 cu-cs-vm kernel: [    0.464981] ipmi message handler version 39.2
Jan 25 15:21:10 cu-cs-vm kernel: [    0.465038] ACPI: Deprecated procfs I/F for AC is loaded, please retry with CONFIG_ACPI_PROCFS_POWER cleared
Jan 25 15:21:10 cu-cs-vm kernel: [    0.465100] ACPI: AC Adapter [AC] (on-line)
Jan 25 15:21:10 cu-cs-vm kernel: [    0.465203] input: Power Button as /devices/LNXSYSTM:00/LNXPWRBN:00/input/input0
Jan 25 15:21:10 cu-cs-vm kernel: [    0.465209] ACPI: Power Button [PWRF]
Jan 25 15:21:10 cu-cs-vm kernel: [    0.465264] input: Sleep Button as /devices/LNXSYSTM:00/LNXSLPBN:00/input/input1
Jan 25 15:21:10 cu-cs-vm kernel: [    0.465268] ACPI: Sleep Button [SLPF]
Jan 25 15:21:10 cu-cs-vm kernel: [    0.465380] GHES: HEST is not enabled!
Jan 25 15:21:10 cu-cs-vm kernel: [    0.465503] Serial: 8250/16550 driver, 32 ports, IRQ sharing enabled
Jan 25 15:21:10 cu-cs-vm kernel: [    0.471666] Linux agpgart interface v0.103
Jan 25 15:21:10 cu-cs-vm kernel: [    0.474527] brd: module loaded
Jan 25 15:21:10 cu-cs-vm kernel: [    0.476260] loop: module loaded
Jan 25 15:21:10 cu-cs-vm kernel: [    0.476542] libphy: Fixed MDIO Bus: probed
Jan 25 15:21:10 cu-cs-vm kernel: [    0.476724] tun: Universal TUN/TAP device driver, 1.6
Jan 25 15:21:10 cu-cs-vm kernel: [    0.476727] tun: (C) 1999-2004 Max Krasnyansky <maxk@qualcomm.com>
Jan 25 15:21:10 cu-cs-vm kernel: [    0.476913] PPP generic driver version 2.4.2
Jan 25 15:21:10 cu-cs-vm kernel: [    0.477064] ehci_hcd: USB 2.0 'Enhanced' Host Controller (EHCI) Driver
Jan 25 15:21:10 cu-cs-vm kernel: [    0.477070] ehci-pci: EHCI PCI platform driver
Jan 25 15:21:10 cu-cs-vm kernel: [    0.477078] ehci-platform: EHCI generic platform driver
Jan 25 15:21:10 cu-cs-vm kernel: [    0.477088] ohci_hcd: USB 1.1 'Open' Host Controller (OHCI) Driver
Jan 25 15:21:10 cu-cs-vm kernel: [    0.477090] ohci-pci: OHCI PCI platform driver
Jan 25 15:21:10 cu-cs-vm kernel: [    0.477557] ohci-pci 0000:00:1f.4: OHCI PCI host controller
Jan 25 15:21:10 cu-cs-vm kernel: [    0.477563] ohci-pci 0000:00:1f.4: new USB bus registered, assigned bus number 1
Jan 25 15:21:10 cu-cs-vm kernel: [    0.477618] ohci-pci 0000:00:1f.4: irq 23, io mem 0xf0902000
Jan 25 15:21:10 cu-cs-vm kernel: [    0.533183] usb usb1: New USB device found, idVendor=1d6b, idProduct=0001
Jan 25 15:21:10 cu-cs-vm kernel: [    0.533192] usb usb1: New USB device strings: Mfr=3, Product=2, SerialNumber=1
Jan 25 15:21:10 cu-cs-vm kernel: [    0.533199] usb usb1: Product: OHCI PCI host controller
Jan 25 15:21:10 cu-cs-vm kernel: [    0.533205] usb usb1: Manufacturer: Linux 3.13.0-44-generic ohci_hcd
Jan 25 15:21:10 cu-cs-vm kernel: [    0.533212] usb usb1: SerialNumber: 0000:00:1f.4
Jan 25 15:21:10 cu-cs-vm kernel: [    0.533818] hub 1-0:1.0: USB hub found
Jan 25 15:21:10 cu-cs-vm kernel: [    0.533858] hub 1-0:1.0: 8 ports detected
Jan 25 15:21:10 cu-cs-vm kernel: [    0.534480] ohci-platform: OHCI generic platform driver
Jan 25 15:21:10 cu-cs-vm kernel: [    0.534500] uhci_hcd: USB Universal Host Controller Interface driver
Jan 25 15:21:10 cu-cs-vm kernel: [    0.534593] i8042: PNP: PS/2 Controller [PNP0303:PS2K,PNP0f03:PS2M] at 0x60,0x64 irq 1,12
Jan 25 15:21:10 cu-cs-vm kernel: [    0.536353] serio: i8042 KBD port at 0x60,0x64 irq 1
Jan 25 15:21:10 cu-cs-vm kernel: [    0.536364] serio: i8042 AUX port at 0x60,0x64 irq 12
Jan 25 15:21:10 cu-cs-vm kernel: [    0.537160] mousedev: PS/2 mouse device common for all mice
Jan 25 15:21:10 cu-cs-vm kernel: [    0.538110] input: AT Translated Set 2 keyboard as /devices/platform/i8042/serio0/input/input2
Jan 25 15:21:10 cu-cs-vm kernel: [    0.539036] rtc_cmos 00:04: rtc core: registered rtc_cmos as rtc0
Jan 25 15:21:10 cu-cs-vm kernel: [    0.539125] rtc_cmos 00:04: alarms up to one day, 114 bytes nvram, hpet irqs
Jan 25 15:21:10 cu-cs-vm kernel: [    0.539192] device-mapper: uevent: version 1.0.3
Jan 25 15:21:10 cu-cs-vm kernel: [    0.539412] device-mapper: ioctl: 4.27.0-ioctl (2013-10-30) initialised: dm-devel@redhat.com
Jan 25 15:21:10 cu-cs-vm kernel: [    0.539421] ledtrig-cpu: registered to indicate activity on CPUs
Jan 25 15:21:10 cu-cs-vm kernel: [    0.539507] TCP: cubic registered
Jan 25 15:21:10 cu-cs-vm kernel: [    0.539585] NET: Registered protocol family 10
Jan 25 15:21:10 cu-cs-vm kernel: [    0.539751] NET: Registered protocol family 17
Jan 25 15:21:10 cu-cs-vm kernel: [    0.539761] Key type dns_resolver registered
Jan 25 15:21:10 cu-cs-vm kernel: [    0.540828] Loading compiled-in X.509 certificates
Jan 25 15:21:10 cu-cs-vm kernel: [    0.541375] Loaded X.509 cert 'Magrathea: Glacier signing key: 508c3b4bf108ed36b6062f812782f77c37b98537'
Jan 25 15:21:10 cu-cs-vm kernel: [    0.541405] registered taskstats version 1
Jan 25 15:21:10 cu-cs-vm kernel: [    0.545243] Key type trusted registered
Jan 25 15:21:10 cu-cs-vm kernel: [    0.549114] Key type encrypted registered
Jan 25 15:21:10 cu-cs-vm kernel: [    0.553119] AppArmor: AppArmor sha1 policy hashing enabled
Jan 25 15:21:10 cu-cs-vm kernel: [    0.553125] IMA: No TPM chip found, activating TPM-bypass!
Jan 25 15:21:10 cu-cs-vm kernel: [    0.553482] regulator-dummy: disabling
Jan 25 15:21:10 cu-cs-vm kernel: [    0.553849]   Magic number: 15:6:402
Jan 25 15:21:10 cu-cs-vm kernel: [    0.554056] rtc_cmos 00:04: setting system clock to 2015-01-25 22:21:07 UTC (1422224467)
Jan 25 15:21:10 cu-cs-vm kernel: [    0.554255] BIOS EDD facility v0.16 2004-Jun-25, 0 devices found
Jan 25 15:21:10 cu-cs-vm kernel: [    0.554270] EDD information not available.
Jan 25 15:21:10 cu-cs-vm kernel: [    0.554295] PM: Hibernation image not present or could not be loaded.
Jan 25 15:21:10 cu-cs-vm kernel: [    0.554572] Freeing unused kernel memory: 1336K (ffffffff81d20000 - ffffffff81e6e000)
Jan 25 15:21:10 cu-cs-vm kernel: [    0.554576] Write protecting the kernel read-only data: 12288k
Jan 25 15:21:10 cu-cs-vm kernel: [    0.556216] Freeing unused kernel memory: 796K (ffff880001739000 - ffff880001800000)
Jan 25 15:21:10 cu-cs-vm kernel: [    0.558546] Freeing unused kernel memory: 688K (ffff880001b54000 - ffff880001c00000)
Jan 25 15:21:10 cu-cs-vm kernel: [    0.575955] systemd-udevd[97]: starting version 204
Jan 25 15:21:10 cu-cs-vm kernel: [    0.589513] ahci 0000:00:1f.2: version 3.0
Jan 25 15:21:10 cu-cs-vm kernel: [    0.590086] ahci 0000:00:1f.2: irq 40 for MSI/MSI-X
Jan 25 15:21:10 cu-cs-vm kernel: [    0.590156] ahci 0000:00:1f.2: SSS flag set, parallel bus scan disabled
Jan 25 15:21:10 cu-cs-vm kernel: [    0.590336] ahci 0000:00:1f.2: AHCI 0001.0100 32 slots 2 ports 3 Gbps 0x3 impl SATA mode
Jan 25 15:21:10 cu-cs-vm kernel: [    0.590340] ahci 0000:00:1f.2: flags: 64bit ncq stag only ccc 
Jan 25 15:21:10 cu-cs-vm kernel: [    0.590702] scsi0 : ahci
Jan 25 15:21:10 cu-cs-vm kernel: [    0.590784] scsi1 : ahci
Jan 25 15:21:10 cu-cs-vm kernel: [    0.590819] ata1: SATA max UDMA/133 abar m8192@0xf0900000 port 0xf0900100 irq 40
Jan 25 15:21:10 cu-cs-vm kernel: [    0.590825] ata2: SATA max UDMA/133 abar m8192@0xf0900000 port 0xf0900180 irq 40
Jan 25 15:21:10 cu-cs-vm kernel: [    0.593988] e1000: Intel(R) PRO/1000 Network Driver - version 7.3.21-k8-NAPI
Jan 25 15:21:10 cu-cs-vm kernel: [    0.593992] e1000: Copyright (c) 1999-2006 Intel Corporation.
Jan 25 15:21:10 cu-cs-vm kernel: [    0.809148] input: ImExPS/2 Generic Explorer Mouse as /devices/platform/i8042/serio1/input/input4
Jan 25 15:21:10 cu-cs-vm kernel: [    0.908224] ata1: SATA link up 3.0 Gbps (SStatus 123 SControl 300)
Jan 25 15:21:10 cu-cs-vm kernel: [    0.908390] ata1.00: ATA-8: VBOX HARDDISK, 1.0, max UDMA/133
Jan 25 15:21:10 cu-cs-vm kernel: [    0.908395] ata1.00: 104857600 sectors, multi 128: LBA48 NCQ (depth 31/32)
Jan 25 15:21:10 cu-cs-vm kernel: [    0.908708] ata1.00: configured for UDMA/133
Jan 25 15:21:10 cu-cs-vm kernel: [    0.908850] scsi 0:0:0:0: Direct-Access     ATA      VBOX HARDDISK    1.0  PQ: 0 ANSI: 5
Jan 25 15:21:10 cu-cs-vm kernel: [    0.909054] sd 0:0:0:0: [sda] 104857600 512-byte logical blocks: (53.6 GB/50.0 GiB)
Jan 25 15:21:10 cu-cs-vm kernel: [    0.909081] sd 0:0:0:0: Attached scsi generic sg0 type 0
Jan 25 15:21:10 cu-cs-vm kernel: [    0.909338] sd 0:0:0:0: [sda] Write Protect is off
Jan 25 15:21:10 cu-cs-vm kernel: [    0.909342] sd 0:0:0:0: [sda] Mode Sense: 00 3a 00 00
Jan 25 15:21:10 cu-cs-vm kernel: [    0.909393] sd 0:0:0:0: [sda] Write cache: enabled, read cache: enabled, doesn't support DPO or FUA
Jan 25 15:21:10 cu-cs-vm kernel: [    0.910032]  sda: sda1
Jan 25 15:21:10 cu-cs-vm kernel: [    0.910361] sd 0:0:0:0: [sda] Attached SCSI disk
Jan 25 15:21:10 cu-cs-vm kernel: [    0.973654] e1000 0000:00:03.0 eth0: (PCI:33MHz:32-bit) 08:00:27:b5:59:77
Jan 25 15:21:10 cu-cs-vm kernel: [    0.973673] e1000 0000:00:03.0 eth0: Intel(R) PRO/1000 Network Connection
Jan 25 15:21:10 cu-cs-vm kernel: [    1.228356] ata2: SATA link up 3.0 Gbps (SStatus 123 SControl 300)
Jan 25 15:21:10 cu-cs-vm kernel: [    1.228651] ata2.00: ATAPI: VBOX CD-ROM, 1.0, max UDMA/133
Jan 25 15:21:10 cu-cs-vm kernel: [    1.228660] ata2.00: applying bridge limits
Jan 25 15:21:10 cu-cs-vm kernel: [    1.229167] ata2.00: configured for UDMA/100
Jan 25 15:21:10 cu-cs-vm kernel: [    1.230378] scsi 1:0:0:0: CD-ROM            VBOX     CD-ROM           1.0  PQ: 0 ANSI: 5
Jan 25 15:21:10 cu-cs-vm kernel: [    1.231575] sr0: scsi3-mmc drive: 32x/32x xa/form2 tray
Jan 25 15:21:10 cu-cs-vm kernel: [    1.231584] cdrom: Uniform CD-ROM driver Revision: 3.20
Jan 25 15:21:10 cu-cs-vm kernel: [    1.231931] sr 1:0:0:0: Attached scsi CD-ROM sr0
Jan 25 15:21:10 cu-cs-vm kernel: [    1.232333] sr 1:0:0:0: Attached scsi generic sg1 type 5
Jan 25 15:21:10 cu-cs-vm kernel: [    1.236458] usb 1-1: new full-speed USB device number 2 using ohci-pci
Jan 25 15:21:10 cu-cs-vm kernel: [    1.356103] raid6: sse2x1    8966 MB/s
Jan 25 15:21:10 cu-cs-vm kernel: [    1.424600] raid6: sse2x2   11199 MB/s
Jan 25 15:21:10 cu-cs-vm kernel: [    1.432222] tsc: Refined TSC clocksource calibration: 3358.952 MHz
Jan 25 15:21:10 cu-cs-vm kernel: [    1.492136] raid6: sse2x4   12356 MB/s
Jan 25 15:21:10 cu-cs-vm kernel: [    1.492140] raid6: using algorithm sse2x4 (12356 MB/s)
Jan 25 15:21:10 cu-cs-vm kernel: [    1.492144] raid6: using ssse3x2 recovery algorithm
Jan 25 15:21:10 cu-cs-vm kernel: [    1.493138] usb 1-1: New USB device found, idVendor=80ee, idProduct=0021
Jan 25 15:21:10 cu-cs-vm kernel: [    1.493142] usb 1-1: New USB device strings: Mfr=1, Product=3, SerialNumber=0
Jan 25 15:21:10 cu-cs-vm kernel: [    1.493146] usb 1-1: Product: USB Tablet
Jan 25 15:21:10 cu-cs-vm kernel: [    1.493149] usb 1-1: Manufacturer: VirtualBox
Jan 25 15:21:10 cu-cs-vm kernel: [    1.493769] xor: measuring software checksum speed
Jan 25 15:21:10 cu-cs-vm kernel: [    1.499926] hidraw: raw HID events driver (C) Jiri Kosina
Jan 25 15:21:10 cu-cs-vm kernel: [    1.510058] usbcore: registered new interface driver usbhid
Jan 25 15:21:10 cu-cs-vm kernel: [    1.510063] usbhid: USB HID core driver
Jan 25 15:21:10 cu-cs-vm kernel: [    1.514983] input: VirtualBox USB Tablet as /devices/pci0000:00/0000:00:1f.4/usb1/1-1/1-1:1.0/input/input5
Jan 25 15:21:10 cu-cs-vm kernel: [    1.515717] hid-generic 0003:80EE:0021.0001: input,hidraw0: USB HID v1.10 Mouse [VirtualBox USB Tablet] on usb-0000:00:1f.4-1/input0
Jan 25 15:21:10 cu-cs-vm kernel: [    1.532037]    prefetch64-sse: 15646.000 MB/sec
Jan 25 15:21:10 cu-cs-vm kernel: [    1.572120]    generic_sse: 12685.000 MB/sec
Jan 25 15:21:10 cu-cs-vm kernel: [    1.572124] xor: using function: prefetch64-sse (15646.000 MB/sec)
Jan 25 15:21:10 cu-cs-vm kernel: [    1.583664] bio: create slab <bio-1> at 1
Jan 25 15:21:10 cu-cs-vm kernel: [    1.584099] Btrfs loaded
Jan 25 15:21:10 cu-cs-vm kernel: [    1.596230] btrfs: device fsid 4d4d4956-efb6-4c5c-9455-e11d9e4726c6 devid 1 transid 365 /dev/sda1
Jan 25 15:21:10 cu-cs-vm kernel: [    1.603043] btrfs: device fsid 4d4d4956-efb6-4c5c-9455-e11d9e4726c6 devid 1 transid 365 /dev/disk/by-uuid/4d4d4956-efb6-4c5c-9455-e11d9e4726c6
Jan 25 15:21:10 cu-cs-vm kernel: [    1.603718] btrfs: disk space caching is enabled
Jan 25 15:21:10 cu-cs-vm kernel: [    1.612342] Btrfs detected SSD devices, enabling SSD mode
Jan 25 15:21:10 cu-cs-vm kernel: [    1.816064] random: init urandom read with 51 bits of entropy available
Jan 25 15:21:10 cu-cs-vm kernel: [    1.844801] init: plymouth-upstart-bridge main process (175) terminated with status 1
Jan 25 15:21:10 cu-cs-vm kernel: [    1.845631] init: plymouth-upstart-bridge main process ended, respawning
Jan 25 15:21:10 cu-cs-vm kernel: [    1.853610] init: plymouth-upstart-bridge main process (185) terminated with status 1
Jan 25 15:21:10 cu-cs-vm kernel: [    1.853628] init: plymouth-upstart-bridge main process ended, respawning
Jan 25 15:21:10 cu-cs-vm kernel: [    1.858574] init: plymouth-upstart-bridge main process (188) terminated with status 1
Jan 25 15:21:10 cu-cs-vm kernel: [    1.858593] init: plymouth-upstart-bridge main process ended, respawning
Jan 25 15:21:10 cu-cs-vm kernel: [    1.866435] init: plymouth-upstart-bridge main process (191) terminated with status 1
Jan 25 15:21:10 cu-cs-vm kernel: [    1.866485] init: plymouth-upstart-bridge main process ended, respawning
Jan 25 15:21:10 cu-cs-vm kernel: [    1.872395] init: plymouth-upstart-bridge main process (194) terminated with status 1
Jan 25 15:21:10 cu-cs-vm kernel: [    1.872414] init: plymouth-upstart-bridge main process ended, respawning
Jan 25 15:21:10 cu-cs-vm kernel: [    2.436653] Switched to clocksource tsc
Jan 25 15:21:10 cu-cs-vm kernel: [    2.486499] random: nonblocking pool is initialized
Jan 25 15:21:10 cu-cs-vm kernel: [    3.008988] btrfs: use zlib compression
Jan 25 15:21:10 cu-cs-vm kernel: [    3.008993] btrfs: disk space caching is enabled
Jan 25 15:21:10 cu-cs-vm kernel: [    3.009336] BTRFS debug (device sda1): unlinked 1 orphans
Jan 25 15:21:10 cu-cs-vm kernel: [    3.009340] BTRFS debug (device sda1): truncated 3 orphans
Jan 25 15:21:10 cu-cs-vm kernel: [    3.009671] BTRFS debug (device sda1): unlinked 22 orphans
Jan 25 15:21:10 cu-cs-vm kernel: [    3.009674] BTRFS debug (device sda1): truncated 6 orphans
Jan 25 15:21:10 cu-cs-vm kernel: [    3.076708] IPv6: ADDRCONF(NETDEV_UP): eth0: link is not ready
Jan 25 15:21:10 cu-cs-vm kernel: [    3.153542] systemd-udevd[329]: starting version 204
Jan 25 15:21:10 cu-cs-vm kernel: [    3.157263] btrfs: device fsid 4d4d4956-efb6-4c5c-9455-e11d9e4726c6 devid 1 transid 367 /dev/sda1
Jan 25 15:21:10 cu-cs-vm kernel: [    3.221120] lp: driver loaded but no devices found
Jan 25 15:21:10 cu-cs-vm kernel: [    3.237481] vboxguest: module verification failed: signature and/or  required key missing - tainting kernel
Jan 25 15:21:10 cu-cs-vm kernel: [    3.241386] ppdev: user-space parallel port driver
Jan 25 15:21:10 cu-cs-vm kernel: [    3.243494] parport_pc 00:03: reported by Plug and Play ACPI
Jan 25 15:21:10 cu-cs-vm kernel: [    3.246204] intel_rng: FWH not detected
Jan 25 15:21:10 cu-cs-vm kernel: [    3.254953] piix4_smbus 0000:00:07.0: SMBus base address uninitialized - upgrade BIOS or use force_addr=0xaddr
Jan 25 15:21:10 cu-cs-vm kernel: [    3.280339] input: Unspecified device as /devices/pci0000:00/0000:00:04.0/input/input6
Jan 25 15:21:10 cu-cs-vm kernel: [    3.280572] vboxguest: major 0, IRQ 20, I/O port d020, MMIO at 00000000f0400000 (size 0x400000)
Jan 25 15:21:10 cu-cs-vm kernel: [    3.280576] vboxguest: Successfully loaded version 4.3.10_Ubuntu (interface 0x00010004)
Jan 25 15:21:10 cu-cs-vm kernel: [    3.304933] lpc_ich 0000:00:1f.0: I/O space for GPIO uninitialized
Jan 25 15:21:10 cu-cs-vm kernel: [    3.307707] leds_ss4200: no LED devices found
Jan 25 15:21:10 cu-cs-vm kernel: [    3.349813] type=1400 audit(1422224470.290:2): apparmor="STATUS" operation="profile_load" profile="unconfined" name="/sbin/dhclient" pid=384 comm="apparmor_parser"
Jan 25 15:21:10 cu-cs-vm kernel: [    3.349822] type=1400 audit(1422224470.290:3): apparmor="STATUS" operation="profile_load" profile="unconfined" name="/usr/lib/NetworkManager/nm-dhcp-client.action" pid=384 comm="apparmor_parser"
Jan 25 15:21:10 cu-cs-vm kernel: [    3.349827] type=1400 audit(1422224470.290:4): apparmor="STATUS" operation="profile_load" profile="unconfined" name="/usr/lib/connman/scripts/dhclient-script" pid=384 comm="apparmor_parser"
Jan 25 15:21:10 cu-cs-vm kernel: [    3.350142] type=1400 audit(1422224470.290:5): apparmor="STATUS" operation="profile_replace" profile="unconfined" name="/usr/lib/NetworkManager/nm-dhcp-client.action" pid=384 comm="apparmor_parser"
Jan 25 15:21:10 cu-cs-vm kernel: [    3.350148] type=1400 audit(1422224470.290:6): apparmor="STATUS" operation="profile_replace" profile="unconfined" name="/usr/lib/connman/scripts/dhclient-script" pid=384 comm="apparmor_parser"
Jan 25 15:21:10 cu-cs-vm kernel: [    3.350300] type=1400 audit(1422224470.290:7): apparmor="STATUS" operation="profile_replace" profile="unconfined" name="/usr/lib/connman/scripts/dhclient-script" pid=384 comm="apparmor_parser"
Jan 25 15:21:10 cu-cs-vm kernel: [    3.353366] type=1400 audit(1422224470.294:8): apparmor="STATUS" operation="profile_load" profile="unconfined" name="/usr/sbin/ntpd" pid=385 comm="apparmor_parser"
Jan 25 15:21:10 cu-cs-vm kernel: [    3.496780] [drm] Initialized drm 1.1.0 20060810
Jan 25 15:21:10 cu-cs-vm kernel: [    3.579174] [drm] Supports vblank timestamp caching Rev 2 (21.10.2013).
Jan 25 15:21:10 cu-cs-vm kernel: [    3.579179] [drm] No driver support for vblank timestamp query.
Jan 25 15:21:10 cu-cs-vm kernel: [    3.579207] [drm] Initialized vboxvideo 1.0.0 20090303 for 0000:00:02.0 on minor 0
Jan 25 15:21:10 cu-cs-vm kernel: [    3.927677] btrfs: device fsid 4d4d4956-efb6-4c5c-9455-e11d9e4726c6 devid 1 transid 367 /dev/sda1
Jan 25 15:21:10 cu-cs-vm rsyslogd-2039: Could no open output pipe '/dev/xconsole': No such file or directory [try http://www.rsyslog.com/e/2039 ]
Jan 25 15:21:10 cu-cs-vm mtp-probe: checking bus 1, device 2: "/sys/devices/pci0000:00/0000:00:1f.4/usb1/1-1"
Jan 25 15:21:10 cu-cs-vm mtp-probe: bus: 1, device: 2 was not an MTP device
Jan 25 15:21:10 cu-cs-vm kernel: [    3.996132] intel_rapl: domain package energy ctr 0:0 not working, skip
Jan 25 15:21:10 cu-cs-vm bluetoothd[479]: Bluetooth daemon 4.101
Jan 25 15:21:10 cu-cs-vm bluetoothd[479]: Starting SDP server
Jan 25 15:21:10 cu-cs-vm kernel: [    4.033717] btrfs: device fsid 4d4d4956-efb6-4c5c-9455-e11d9e4726c6 devid 1 transid 367 /dev/sda1
Jan 25 15:21:11 cu-cs-vm kernel: [    4.065659] type=1400 audit(1422224471.006:9): apparmor="STATUS" operation="profile_load" profile="unconfined" name="/usr/lib/cups/backend/cups-pdf" pid=489 comm="apparmor_parser"
Jan 25 15:21:11 cu-cs-vm kernel: [    4.065667] type=1400 audit(1422224471.006:10): apparmor="STATUS" operation="profile_load" profile="unconfined" name="/usr/sbin/cupsd" pid=489 comm="apparmor_parser"
Jan 25 15:21:11 cu-cs-vm bluetoothd[479]: DIS cannot start: GATT is disabled
Jan 25 15:21:11 cu-cs-vm bluetoothd[479]: Failed to init deviceinfo plugin
Jan 25 15:21:11 cu-cs-vm bluetoothd[479]: Failed to init proximity plugin
Jan 25 15:21:11 cu-cs-vm bluetoothd[479]: Failed to init time plugin
Jan 25 15:21:11 cu-cs-vm bluetoothd[479]: Failed to init alert plugin
Jan 25 15:21:11 cu-cs-vm bluetoothd[479]: Failed to init thermometer plugin
Jan 25 15:21:11 cu-cs-vm kernel: [    4.073908] Bluetooth: Core ver 2.17
Jan 25 15:21:11 cu-cs-vm kernel: [    4.074440] NET: Registered protocol family 31
Jan 25 15:21:11 cu-cs-vm kernel: [    4.074444] Bluetooth: HCI device and connection manager initialized
Jan 25 15:21:11 cu-cs-vm kernel: [    4.074453] Bluetooth: HCI socket layer initialized
Jan 25 15:21:11 cu-cs-vm kernel: [    4.074456] Bluetooth: L2CAP socket layer initialized
Jan 25 15:21:11 cu-cs-vm kernel: [    4.074471] Bluetooth: SCO socket layer initialized
Jan 25 15:21:11 cu-cs-vm avahi-daemon[498]: Found user 'avahi' (UID 111) and group 'avahi' (GID 117).
Jan 25 15:21:11 cu-cs-vm avahi-daemon[498]: Successfully dropped root privileges.
Jan 25 15:21:11 cu-cs-vm avahi-daemon[498]: avahi-daemon 0.6.31 starting up.
Jan 25 15:21:11 cu-cs-vm avahi-daemon[498]: Successfully called chroot().
Jan 25 15:21:11 cu-cs-vm avahi-daemon[498]: Successfully dropped remaining capabilities.
Jan 25 15:21:11 cu-cs-vm avahi-daemon[498]: No service file found in /etc/avahi/services.
Jan 25 15:21:11 cu-cs-vm avahi-daemon[498]: Network interface enumeration completed.
Jan 25 15:21:11 cu-cs-vm avahi-daemon[498]: Registering HINFO record with values 'X86_64'/'LINUX'.
Jan 25 15:21:11 cu-cs-vm avahi-daemon[498]: Server startup complete. Host name is cu-cs-vm.local. Local service cookie is 3567077620.
Jan 25 15:21:11 cu-cs-vm kernel: [    4.113963] Bluetooth: BNEP (Ethernet Emulation) ver 1.3
Jan 25 15:21:11 cu-cs-vm kernel: [    4.113968] Bluetooth: BNEP filters: protocol multicast
Jan 25 15:21:11 cu-cs-vm kernel: [    4.114976] Bluetooth: BNEP socket layer initialized
Jan 25 15:21:11 cu-cs-vm bluetoothd[479]: Failed to init gatt_example plugin
Jan 25 15:21:11 cu-cs-vm bluetoothd[479]: Bluetooth Management interface initialized
Jan 25 15:21:11 cu-cs-vm kernel: [    4.120996] Bluetooth: RFCOMM TTY layer initialized
Jan 25 15:21:11 cu-cs-vm kernel: [    4.121022] Bluetooth: RFCOMM socket layer initialized
Jan 25 15:21:11 cu-cs-vm kernel: [    4.121029] Bluetooth: RFCOMM ver 1.11
Jan 25 15:21:11 cu-cs-vm kernel: [    4.144553] intel_rapl: domain core energy ctr 0:0 not working, skip
Jan 25 15:21:11 cu-cs-vm kernel: [    4.256197] intel_rapl: domain uncore energy ctr 0:0 not working, skip
Jan 25 15:21:11 cu-cs-vm kernel: [    4.256303] intel_rapl: no valid rapl domains found in package 0
Jan 25 15:21:11 cu-cs-vm failsafe: Failsafe of 120 seconds reached.
Jan 25 15:21:11 cu-cs-vm kernel: [    4.436427] init: failsafe main process (555) killed by TERM signal
Jan 25 15:21:11 cu-cs-vm ModemManager[617]: <info>  ModemManager (version 1.0.0) starting...
Jan 25 15:21:11 cu-cs-vm NetworkManager[650]: <info> NetworkManager (version 0.9.8.8) is starting...
Jan 25 15:21:11 cu-cs-vm NetworkManager[650]: <info> Read config file /etc/NetworkManager/NetworkManager.conf
Jan 25 15:21:11 cu-cs-vm NetworkManager[650]: <info> WEXT support is enabled
Jan 25 15:21:11 cu-cs-vm NetworkManager[650]: <info> VPN: loaded org.freedesktop.NetworkManager.pptp
Jan 25 15:21:11 cu-cs-vm NetworkManager[650]: <info> DNS: loaded plugin dnsmasq
Jan 25 15:21:11 cu-cs-vm dbus[446]: [system] Activating service name='org.freedesktop.PolicyKit1' (using servicehelper)
Jan 25 15:21:11 cu-cs-vm polkitd[690]: started daemon version 0.105 using authority implementation `local' version `0.105'
Jan 25 15:21:11 cu-cs-vm dbus[446]: [system] Successfully activated service 'org.freedesktop.PolicyKit1'
Jan 25 15:21:11 cu-cs-vm NetworkManager[650]:    SCPlugin-Ifupdown: init!
Jan 25 15:21:11 cu-cs-vm NetworkManager[650]:    SCPlugin-Ifupdown: update_system_hostname
Jan 25 15:21:11 cu-cs-vm NetworkManager[650]:       interface-parser: parsing file /etc/network/interfaces
Jan 25 15:21:11 cu-cs-vm NetworkManager[650]:       interface-parser: finished parsing file /etc/network/interfaces
Jan 25 15:21:11 cu-cs-vm NetworkManager[650]:    SCPluginIfupdown: management mode: unmanaged
Jan 25 15:21:11 cu-cs-vm NetworkManager[650]:    SCPlugin-Ifupdown: devices added (path: /sys/devices/pci0000:00/0000:00:03.0/net/eth0, iface: eth0)
Jan 25 15:21:11 cu-cs-vm NetworkManager[650]:    SCPlugin-Ifupdown: device added (path: /sys/devices/pci0000:00/0000:00:03.0/net/eth0, iface: eth0): no ifupdown configuration found.
Jan 25 15:21:11 cu-cs-vm NetworkManager[650]:    SCPlugin-Ifupdown: devices added (path: /sys/devices/virtual/net/lo, iface: lo)
Jan 25 15:21:11 cu-cs-vm NetworkManager[650]:    SCPlugin-Ifupdown: device added (path: /sys/devices/virtual/net/lo, iface: lo): no ifupdown configuration found.
Jan 25 15:21:11 cu-cs-vm NetworkManager[650]:    SCPlugin-Ifupdown: end _init.
Jan 25 15:21:11 cu-cs-vm NetworkManager[650]: <info> Loaded plugin ifupdown: (C) 2008 Canonical Ltd.  To report bugs please use the NetworkManager mailing list.
Jan 25 15:21:11 cu-cs-vm NetworkManager[650]: <info> Loaded plugin keyfile: (c) 2007 - 2010 Red Hat, Inc.  To report bugs please use the NetworkManager mailing list.
Jan 25 15:21:11 cu-cs-vm NetworkManager[650]:    SCPlugin-Ofono: Acquired D-Bus service com.canonical.NMOfono
Jan 25 15:21:11 cu-cs-vm NetworkManager[650]:    SCPlugin-Ofono: init!
Jan 25 15:21:11 cu-cs-vm NetworkManager[650]:    SCPlugin-Ofono: end _init.
Jan 25 15:21:11 cu-cs-vm NetworkManager[650]: <info> Loaded plugin (null): (null)
Jan 25 15:21:11 cu-cs-vm NetworkManager[650]:    Ifupdown: get unmanaged devices count: 0
Jan 25 15:21:11 cu-cs-vm NetworkManager[650]:    SCPlugin-Ifupdown: (26966560) ... get_connections.
Jan 25 15:21:11 cu-cs-vm NetworkManager[650]:    SCPlugin-Ifupdown: (26966560) ... get_connections (managed=false): return empty list.
Jan 25 15:21:11 cu-cs-vm NetworkManager[650]:    SCPlugin-Ofono: (536886640) ... get_connections.
Jan 25 15:21:11 cu-cs-vm NetworkManager[650]:    SCPlugin-Ofono: (536886640) connections count: 0
Jan 25 15:21:11 cu-cs-vm NetworkManager[650]:    Ifupdown: get unmanaged devices count: 0
Jan 25 15:21:11 cu-cs-vm NetworkManager[650]: <info> monitoring kernel firmware directory '/lib/firmware'.
Jan 25 15:21:11 cu-cs-vm NetworkManager[650]: <info> WiFi enabled by radio killswitch; enabled by state file
Jan 25 15:21:11 cu-cs-vm NetworkManager[650]: <info> WWAN enabled by radio killswitch; enabled by state file
Jan 25 15:21:11 cu-cs-vm NetworkManager[650]: <info> WiMAX enabled by radio killswitch; enabled by state file
Jan 25 15:21:11 cu-cs-vm NetworkManager[650]: <info> Networking is enabled by state file
Jan 25 15:21:11 cu-cs-vm NetworkManager[650]: <warn> failed to allocate link cache: (-12) Object not found
Jan 25 15:21:11 cu-cs-vm NetworkManager[650]: <info> (eth0): carrier is OFF
Jan 25 15:21:11 cu-cs-vm NetworkManager[650]: <info> (eth0): new Ethernet device (driver: 'e1000' ifindex: 2)
Jan 25 15:21:11 cu-cs-vm NetworkManager[650]: <info> (eth0): exported as /org/freedesktop/NetworkManager/Devices/0
Jan 25 15:21:11 cu-cs-vm NetworkManager[650]: <info> (eth0): device state change: unmanaged -> unavailable (reason 'managed') [10 20 2]
Jan 25 15:21:11 cu-cs-vm NetworkManager[650]: <info> (eth0): bringing up device.
Jan 25 15:21:11 cu-cs-vm kernel: [    4.704133] IPv6: ADDRCONF(NETDEV_UP): eth0: link is not ready
Jan 25 15:21:11 cu-cs-vm kernel: [    4.704494] e1000: eth0 NIC Link is Up 1000 Mbps Full Duplex, Flow Control: RX
Jan 25 15:21:11 cu-cs-vm NetworkManager[650]: <info> (eth0): carrier now ON (device state 20)
Jan 25 15:21:11 cu-cs-vm NetworkManager[650]: <info> (eth0): preparing device.
Jan 25 15:21:11 cu-cs-vm NetworkManager[650]: <info> (eth0): deactivating device (reason 'managed') [2]
Jan 25 15:21:11 cu-cs-vm kernel: [    4.716893] IPv6: ADDRCONF(NETDEV_CHANGE): eth0: link becomes ready
Jan 25 15:21:11 cu-cs-vm NetworkManager[650]: <info> Added default wired connection 'Wired connection 1' for /sys/devices/pci0000:00/0000:00:03.0/net/eth0
Jan 25 15:21:11 cu-cs-vm NetworkManager[650]: <warn> /sys/devices/virtual/net/lo: couldn't determine device driver; ignoring...
Jan 25 15:21:11 cu-cs-vm NetworkManager[650]: <warn> /sys/devices/virtual/net/lo: couldn't determine device driver; ignoring...
Jan 25 15:21:11 cu-cs-vm NetworkManager[650]: <info> (eth0): carrier now OFF (device state 20)
Jan 25 15:21:11 cu-cs-vm kernel: [    4.733078] intel8x0_measure_ac97_clock: measured 90823 usecs (10872 samples)
Jan 25 15:21:11 cu-cs-vm kernel: [    4.733083] intel8x0: measured clock 119705 rejected
Jan 25 15:21:11 cu-cs-vm NetworkManager[650]: <info> (eth0): carrier now ON (device state 20)
Jan 25 15:21:11 cu-cs-vm NetworkManager[650]: <info> urfkill disappeared from the bus
Jan 25 15:21:11 cu-cs-vm NetworkManager[650]: <info> (eth0): device state change: unavailable -> disconnected (reason 'carrier-changed') [20 30 40]
Jan 25 15:21:11 cu-cs-vm NetworkManager[650]: <info> Auto-activating connection 'Wired connection 1'.
Jan 25 15:21:11 cu-cs-vm NetworkManager[650]: <info> Activation (eth0) starting connection 'Wired connection 1'
Jan 25 15:21:11 cu-cs-vm NetworkManager[650]: <info> (eth0): device state change: disconnected -> prepare (reason 'none') [30 40 0]
Jan 25 15:21:11 cu-cs-vm NetworkManager[650]: <info> NetworkManager state is now CONNECTING
Jan 25 15:21:11 cu-cs-vm NetworkManager[650]: <info> Activation (eth0) Stage 1 of 5 (Device Prepare) scheduled...
Jan 25 15:21:11 cu-cs-vm NetworkManager[650]: <info> ModemManager available in the bus
Jan 25 15:21:11 cu-cs-vm NetworkManager[650]: <info> Activation (eth0) Stage 1 of 5 (Device Prepare) started...
Jan 25 15:21:11 cu-cs-vm NetworkManager[650]: <info> Activation (eth0) Stage 2 of 5 (Device Configure) scheduled...
Jan 25 15:21:11 cu-cs-vm NetworkManager[650]: <info> Activation (eth0) Stage 1 of 5 (Device Prepare) complete.
Jan 25 15:21:11 cu-cs-vm NetworkManager[650]: <info> Activation (eth0) Stage 2 of 5 (Device Configure) starting...
Jan 25 15:21:11 cu-cs-vm NetworkManager[650]: <info> (eth0): device state change: prepare -> config (reason 'none') [40 50 0]
Jan 25 15:21:11 cu-cs-vm NetworkManager[650]: <info> Activation (eth0) Stage 2 of 5 (Device Configure) successful.
Jan 25 15:21:11 cu-cs-vm NetworkManager[650]: <info> Activation (eth0) Stage 3 of 5 (IP Configure Start) scheduled.
Jan 25 15:21:11 cu-cs-vm NetworkManager[650]: <info> Activation (eth0) Stage 2 of 5 (Device Configure) complete.
Jan 25 15:21:11 cu-cs-vm NetworkManager[650]: <info> Activation (eth0) Stage 3 of 5 (IP Configure Start) started...
Jan 25 15:21:11 cu-cs-vm NetworkManager[650]: <info> (eth0): device state change: config -> ip-config (reason 'none') [50 70 0]
Jan 25 15:21:11 cu-cs-vm NetworkManager[650]: <info> Activation (eth0) Beginning DHCPv4 transaction (timeout in 45 seconds)
Jan 25 15:21:11 cu-cs-vm NetworkManager[650]: <info> dhclient started with pid 716
Jan 25 15:21:11 cu-cs-vm NetworkManager[650]: <info> Activation (eth0) Beginning IP6 addrconf.
Jan 25 15:21:11 cu-cs-vm NetworkManager[650]: <info> Activation (eth0) Stage 3 of 5 (IP Configure Start) complete.
Jan 25 15:21:11 cu-cs-vm dhclient: Internet Systems Consortium DHCP Client 4.2.4
Jan 25 15:21:11 cu-cs-vm dhclient: Copyright 2004-2012 Internet Systems Consortium.
Jan 25 15:21:11 cu-cs-vm dhclient: All rights reserved.
Jan 25 15:21:11 cu-cs-vm dhclient: For info, please visit https://www.isc.org/software/dhcp/
Jan 25 15:21:11 cu-cs-vm dhclient: 
Jan 25 15:21:11 cu-cs-vm NetworkManager[650]: <info> (eth0): DHCPv4 state changed nbi -> preinit
Jan 25 15:21:11 cu-cs-vm dhclient: Listening on LPF/eth0/08:00:27:b5:59:77
Jan 25 15:21:11 cu-cs-vm dhclient: Sending on   LPF/eth0/08:00:27:b5:59:77
Jan 25 15:21:11 cu-cs-vm dhclient: Sending on   Socket/fallback
Jan 25 15:21:11 cu-cs-vm dhclient: DHCPDISCOVER on eth0 to 255.255.255.255 port 67 interval 3 (xid=0x49734acf)
Jan 25 15:21:11 cu-cs-vm dhclient: DHCPREQUEST of 10.0.2.15 on eth0 to 255.255.255.255 port 67 (xid=0x49734acf)
Jan 25 15:21:11 cu-cs-vm dhclient: DHCPOFFER of 10.0.2.15 from 10.0.2.2
Jan 25 15:21:11 cu-cs-vm dhclient: DHCPACK of 10.0.2.15 from 10.0.2.2
Jan 25 15:21:11 cu-cs-vm NetworkManager[650]: <info> (eth0): DHCPv4 state changed preinit -> bound
Jan 25 15:21:11 cu-cs-vm NetworkManager[650]: <info>   address 10.0.2.15
Jan 25 15:21:11 cu-cs-vm NetworkManager[650]: <info>   prefix 24 (255.255.255.0)
Jan 25 15:21:11 cu-cs-vm NetworkManager[650]: <info>   gateway 10.0.2.2
Jan 25 15:21:11 cu-cs-vm NetworkManager[650]: <info>   nameserver '192.168.0.1'
Jan 25 15:21:11 cu-cs-vm NetworkManager[650]: <info>   domain name 'hsd1.co.comcast.net.'
Jan 25 15:21:11 cu-cs-vm NetworkManager[650]: <info> Activation (eth0) Stage 5 of 5 (IPv4 Configure Commit) scheduled...
Jan 25 15:21:11 cu-cs-vm NetworkManager[650]: <info> Activation (eth0) Stage 5 of 5 (IPv4 Commit) started...
Jan 25 15:21:11 cu-cs-vm avahi-daemon[498]: Joining mDNS multicast group on interface eth0.IPv4 with address 10.0.2.15.
Jan 25 15:21:11 cu-cs-vm avahi-daemon[498]: New relevant interface eth0.IPv4 for mDNS.
Jan 25 15:21:11 cu-cs-vm avahi-daemon[498]: Registering new address record for 10.0.2.15 on eth0.IPv4.
Jan 25 15:21:11 cu-cs-vm dhclient: bound to 10.0.2.15 -- renewal in 33111 seconds.
Jan 25 15:21:12 cu-cs-vm kernel: [    5.056266] init: alsa-restore main process (854) terminated with status 19
Jan 25 15:21:12 cu-cs-vm anacron[863]: Anacron 2.3 started on 2015-01-25
Jan 25 15:21:12 cu-cs-vm anacron[863]: Will run job `cron.monthly' in 15 min.
Jan 25 15:21:12 cu-cs-vm anacron[863]: Jobs will be executed sequentially
Jan 25 15:21:12 cu-cs-vm cron[792]: (CRON) INFO (pidfile fd = 3)
Jan 25 15:21:12 cu-cs-vm cron[865]: (CRON) STARTUP (fork ok)
Jan 25 15:21:12 cu-cs-vm cron[865]: (CRON) INFO (Running @reboot jobs)
Jan 25 15:21:12 cu-cs-vm kernel: [    5.092188] intel8x0_measure_ac97_clock: measured 54678 usecs (7200 samples)
Jan 25 15:21:12 cu-cs-vm kernel: [    5.092192] intel8x0: measured clock 131680 rejected
Jan 25 15:21:12 cu-cs-vm whoopsie[850]: whoopsie 0.2.24.6 starting up.
Jan 25 15:21:12 cu-cs-vm whoopsie[850]: Using lock path: /var/lock/whoopsie/lock
Jan 25 15:21:12 cu-cs-vm acpid: starting up with netlink and the input layer
Jan 25 15:21:12 cu-cs-vm acpid: 9 rules loaded
Jan 25 15:21:12 cu-cs-vm acpid: waiting for events: event logging is off
Jan 25 15:21:12 cu-cs-vm kernel: [    5.284100] vboxsf: Successfully loaded version 4.3.10_Ubuntu (interface 0x00010004)
Jan 25 15:21:12 cu-cs-vm dbus[446]: [system] Activating service name='org.freedesktop.Accounts' (using servicehelper)
Jan 25 15:21:12 cu-cs-vm dbus[446]: [system] Activating service name='org.freedesktop.ConsoleKit' (using servicehelper)
Jan 25 15:21:12 cu-cs-vm ntpd[1100]: ntpd 4.2.6p5@1.2349-o Sat Dec 20 11:47:14 UTC 2014 (1)
Jan 25 15:21:12 cu-cs-vm ntpd[1109]: proto: precision = 1.604 usec
Jan 25 15:21:12 cu-cs-vm ntpd[1109]: ntp_io: estimated max descriptors: 1024, initial socket boundary: 16
Jan 25 15:21:12 cu-cs-vm ntpd[1109]: Listen and drop on 0 v4wildcard 0.0.0.0 UDP 123
Jan 25 15:21:12 cu-cs-vm ntpd[1109]: Listen and drop on 1 v6wildcard :: UDP 123
Jan 25 15:21:12 cu-cs-vm ntpd[1109]: Listen normally on 2 lo 127.0.0.1 UDP 123
Jan 25 15:21:12 cu-cs-vm ntpd[1109]: Listen normally on 3 eth0 10.0.2.15 UDP 123
Jan 25 15:21:12 cu-cs-vm ntpd[1109]: Listen normally on 4 lo ::1 UDP 123
Jan 25 15:21:12 cu-cs-vm ntpd[1109]: peers refreshed
Jan 25 15:21:12 cu-cs-vm ntpd[1109]: Listening on routing socket on fd #21 for interface updates
Jan 25 15:21:12 cu-cs-vm ntpd[1109]: Deferring DNS for 0.ubuntu.pool.ntp.org 1
Jan 25 15:21:12 cu-cs-vm ntpd[1109]: Deferring DNS for 1.ubuntu.pool.ntp.org 1
Jan 25 15:21:12 cu-cs-vm ntpd[1109]: Deferring DNS for 2.ubuntu.pool.ntp.org 1
Jan 25 15:21:12 cu-cs-vm ntpd[1109]: Deferring DNS for 3.ubuntu.pool.ntp.org 1
Jan 25 15:21:12 cu-cs-vm ntpd[1109]: Deferring DNS for ntp.ubuntu.com 1
Jan 25 15:21:12 cu-cs-vm ntpd[1115]: signal_no_reset: signal 17 had flags 4000000
Jan 25 15:21:12 cu-cs-vm ntpd[1109]: ntpd exiting on signal 15
Jan 25 15:21:12 cu-cs-vm ntpdate[1125]: Can't find host 0.ubuntu.pool.ntp.org: Name or service not known (-2)
Jan 25 15:21:12 cu-cs-vm ntpdate[1125]: Can't find host 1.ubuntu.pool.ntp.org: Name or service not known (-2)
Jan 25 15:21:12 cu-cs-vm ntpdate[1125]: Can't find host 2.ubuntu.pool.ntp.org: Name or service not known (-2)
Jan 25 15:21:12 cu-cs-vm ntpdate[1125]: Can't find host 3.ubuntu.pool.ntp.org: Name or service not known (-2)
Jan 25 15:21:12 cu-cs-vm ntpdate[1125]: Can't find host ntp.ubuntu.com: Name or service not known (-2)
Jan 25 15:21:12 cu-cs-vm ntpdate[1125]: no servers can be used, exiting
Jan 25 15:21:12 cu-cs-vm accounts-daemon[981]: started daemon version 0.6.35
Jan 25 15:21:12 cu-cs-vm dbus[446]: [system] Successfully activated service 'org.freedesktop.Accounts'
Jan 25 15:21:12 cu-cs-vm dbus[446]: [system] Successfully activated service 'org.freedesktop.ConsoleKit'
Jan 25 15:21:12 cu-cs-vm kernel: [    5.452124] intel8x0_measure_ac97_clock: measured 55848 usecs (7200 samples)
Jan 25 15:21:12 cu-cs-vm kernel: [    5.452128] intel8x0: measured clock 128921 rejected
Jan 25 15:21:12 cu-cs-vm kernel: [    5.452131] intel8x0: clocking to 48000
Jan 25 15:21:12 cu-cs-vm kernel: [    5.459360] systemd-udevd[357]: '/usr/sbin/alsactl -E HOME=/var/run/alsa restore 0' [1162] terminated by signal 73 (Unknown signal 73)
Jan 25 15:21:12 cu-cs-vm ntpd[1191]: ntpd 4.2.6p5@1.2349-o Sat Dec 20 11:47:14 UTC 2014 (1)
Jan 25 15:21:12 cu-cs-vm ntpd[1197]: proto: precision = 1.627 usec
Jan 25 15:21:12 cu-cs-vm ntpd[1197]: ntp_io: estimated max descriptors: 1024, initial socket boundary: 16
Jan 25 15:21:12 cu-cs-vm ntpd[1197]: Listen and drop on 0 v4wildcard 0.0.0.0 UDP 123
Jan 25 15:21:12 cu-cs-vm ntpd[1197]: Listen and drop on 1 v6wildcard :: UDP 123
Jan 25 15:21:12 cu-cs-vm ntpd[1197]: Listen normally on 2 lo 127.0.0.1 UDP 123
Jan 25 15:21:12 cu-cs-vm ntpd[1197]: Listen normally on 3 eth0 10.0.2.15 UDP 123
Jan 25 15:21:12 cu-cs-vm ntpd[1197]: Listen normally on 4 lo ::1 UDP 123
Jan 25 15:21:12 cu-cs-vm ntpd[1197]: peers refreshed
Jan 25 15:21:12 cu-cs-vm ntpd[1197]: Listening on routing socket on fd #21 for interface updates
Jan 25 15:21:12 cu-cs-vm ntpd[1197]: Deferring DNS for 0.ubuntu.pool.ntp.org 1
Jan 25 15:21:12 cu-cs-vm ntpd[1197]: Deferring DNS for 1.ubuntu.pool.ntp.org 1
Jan 25 15:21:12 cu-cs-vm ntpd[1197]: Deferring DNS for 2.ubuntu.pool.ntp.org 1
Jan 25 15:21:12 cu-cs-vm ntpd[1197]: Deferring DNS for 3.ubuntu.pool.ntp.org 1
Jan 25 15:21:12 cu-cs-vm ntpd[1197]: Deferring DNS for ntp.ubuntu.com 1
Jan 25 15:21:12 cu-cs-vm ntpd[1202]: signal_no_reset: signal 17 had flags 4000000
Jan 25 15:21:12 cu-cs-vm NetworkManager[650]: <info> (eth0): device state change: ip-config -> secondaries (reason 'none') [70 90 0]
Jan 25 15:21:12 cu-cs-vm NetworkManager[650]: <info> Activation (eth0) Stage 5 of 5 (IPv4 Commit) complete.
Jan 25 15:21:12 cu-cs-vm NetworkManager[650]: <info> (eth0): device state change: secondaries -> activated (reason 'none') [90 100 0]
Jan 25 15:21:12 cu-cs-vm NetworkManager[650]: <info> NetworkManager state is now CONNECTED_GLOBAL
Jan 25 15:21:12 cu-cs-vm NetworkManager[650]: <info> Policy set 'Wired connection 1' (eth0) as default for IPv4 routing and DNS.
Jan 25 15:21:12 cu-cs-vm whoopsie[887]: offline
Jan 25 15:21:12 cu-cs-vm NetworkManager[650]: <info> DNS: starting dnsmasq...
Jan 25 15:21:12 cu-cs-vm NetworkManager[650]: <warn> dnsmasq not available on the bus, can't update servers.
Jan 25 15:21:12 cu-cs-vm NetworkManager[650]: <error> [1422224472.734738] [nm-dns-dnsmasq.c:396] update(): dnsmasq owner not found on bus: Could not get owner of name 'org.freedesktop.NetworkManager.dnsmasq': no such name
Jan 25 15:21:12 cu-cs-vm NetworkManager[650]: <warn> DNS: plugin dnsmasq update failed
Jan 25 15:21:12 cu-cs-vm NetworkManager[650]: <info> Writing DNS information to /sbin/resolvconf
Jan 25 15:21:12 cu-cs-vm dnsmasq[1254]: started, version 2.68 cache disabled
Jan 25 15:21:12 cu-cs-vm dnsmasq[1254]: compile time options: IPv6 GNU-getopt DBus i18n IDN DHCP DHCPv6 no-Lua TFTP conntrack ipset auth
Jan 25 15:21:12 cu-cs-vm dnsmasq[1254]: DBus support enabled: connected to system bus
Jan 25 15:21:12 cu-cs-vm dnsmasq[1254]: warning: no upstream servers configured
Jan 25 15:21:12 cu-cs-vm NetworkManager[650]: <info> Activation (eth0) successful, device activated.
Jan 25 15:21:12 cu-cs-vm dbus[446]: [system] Activating service name='org.freedesktop.nm_dispatcher' (using servicehelper)
Jan 25 15:21:12 cu-cs-vm NetworkManager[650]: <warn> dnsmasq appeared on DBus: :1.19
Jan 25 15:21:12 cu-cs-vm NetworkManager[650]: <info> Writing DNS information to /sbin/resolvconf
Jan 25 15:21:12 cu-cs-vm dnsmasq[1254]: setting upstream servers from DBus
Jan 25 15:21:12 cu-cs-vm dnsmasq[1254]: using nameserver 192.168.0.1#53
Jan 25 15:21:12 cu-cs-vm dbus[446]: [system] Successfully activated service 'org.freedesktop.nm_dispatcher'
Jan 25 15:21:13 cu-cs-vm avahi-daemon[498]: Joining mDNS multicast group on interface eth0.IPv6 with address fe80::a00:27ff:feb5:5977.
Jan 25 15:21:13 cu-cs-vm avahi-daemon[498]: New relevant interface eth0.IPv6 for mDNS.
Jan 25 15:21:13 cu-cs-vm avahi-daemon[498]: Registering new address record for fe80::a00:27ff:feb5:5977 on eth0.*.
Jan 25 15:21:13 cu-cs-vm ntpd[1197]: ntpd exiting on signal 15
Jan 25 15:21:13 cu-cs-vm kernel: [    6.236417] init: plymouth-upstart-bridge main process ended, respawning
Jan 25 15:21:13 cu-cs-vm dbus[446]: [system] Activating service name='org.freedesktop.UPower' (using servicehelper)
Jan 25 15:21:13 cu-cs-vm dbus[446]: [system] Successfully activated service 'org.freedesktop.UPower'
Jan 25 15:21:13 cu-cs-vm ModemManager[617]: <warn>  Couldn't find support for device at '/sys/devices/pci0000:00/0000:00:03.0': not supported by any plugin
Jan 25 15:21:13 cu-cs-vm vmusr[1790]: [ warning] [vmusr] Error creating backup of old config file.
Jan 25 15:21:13 cu-cs-vm vmusr[1790]: [ warning] [GLib-GObject] Attempt to add property ToolsCoreService::tcs-app-ctx after class was initialised
Jan 25 15:21:13 cu-cs-vm vmusr[1790]: [ warning] [GLib-GObject] Attempt to add property ToolsCoreService::tcs-prop-thread-pool after class was initialised
Jan 25 15:21:13 cu-cs-vm vmusr[1790]: [ warning] [vmtoolsd] The vmusr service needs to run inside a virtual machine.
Jan 25 15:21:14 cu-cs-vm vmusr[1790]: [ warning] [vmtoolsd] Plugin path is not a directory: /usr/lib/open-vm-tools/plugins/vmusr
Jan 25 15:21:14 cu-cs-vm dbus[446]: [system] Activating service name='org.freedesktop.RealtimeKit1' (using servicehelper)
Jan 25 15:21:14 cu-cs-vm dbus[446]: [system] Successfully activated service 'org.freedesktop.RealtimeKit1'
Jan 25 15:21:14 cu-cs-vm rtkit-daemon[1802]: Successfully called chroot.
Jan 25 15:21:14 cu-cs-vm rtkit-daemon[1802]: Successfully dropped privileges.
Jan 25 15:21:14 cu-cs-vm rtkit-daemon[1802]: Successfully limited resources.
Jan 25 15:21:14 cu-cs-vm rtkit-daemon[1802]: Running.
Jan 25 15:21:14 cu-cs-vm rtkit-daemon[1802]: Watchdog thread running.
Jan 25 15:21:14 cu-cs-vm rtkit-daemon[1802]: Canary thread running.
Jan 25 15:21:14 cu-cs-vm rtkit-daemon[1802]: Successfully made thread 1800 of process 1800 (n/a) owned by '1000' high priority at nice level -11.
Jan 25 15:21:14 cu-cs-vm rtkit-daemon[1802]: Supervising 1 threads of 1 processes of 1 users.
Jan 25 15:21:14 cu-cs-vm pulseaudio[1800]: [pulseaudio] alsa-util.c: Disabling timer-based scheduling because running inside a VM.
Jan 25 15:21:14 cu-cs-vm rtkit-daemon[1802]: Successfully made thread 1808 of process 1800 (n/a) owned by '1000' RT at priority 5.
Jan 25 15:21:14 cu-cs-vm rtkit-daemon[1802]: Supervising 2 threads of 1 processes of 1 users.
Jan 25 15:21:14 cu-cs-vm rtkit-daemon[1802]: Successfully made thread 1809 of process 1800 (n/a) owned by '1000' RT at priority 5.
Jan 25 15:21:14 cu-cs-vm rtkit-daemon[1802]: Supervising 3 threads of 1 processes of 1 users.
Jan 25 15:21:13 cu-cs-vm whoopsie[887]: offline
Jan 25 15:21:14 cu-cs-vm whoopsie[887]: online
Jan 25 15:21:14 cu-cs-vm rtkit-daemon[1802]: Successfully made thread 1820 of process 1820 (n/a) owned by '1000' high priority at nice level -11.
Jan 25 15:21:14 cu-cs-vm rtkit-daemon[1802]: Supervising 4 threads of 2 processes of 1 users.
Jan 25 15:21:14 cu-cs-vm pulseaudio[1820]: [pulseaudio] pid.c: Daemon already running.
Jan 25 15:21:14 cu-cs-vm ntpd_intres[1115]: parent died before we finished, exiting
Jan 25 15:21:14 cu-cs-vm ntpd_intres[1202]: parent died before we finished, exiting
Jan 25 15:21:14 cu-cs-vm dbus[446]: [system] Activating service name='org.freedesktop.UDisks2' (using servicehelper)
Jan 25 15:21:14 cu-cs-vm udisksd[1879]: udisks daemon version 2.1.3 starting
Jan 25 15:21:14 cu-cs-vm dbus[446]: [system] Successfully activated service 'org.freedesktop.UDisks2'
Jan 25 15:21:14 cu-cs-vm udisksd[1879]: Acquired the name org.freedesktop.UDisks2 on the system message bus
Jan 25 15:21:14 cu-cs-vm dbus[446]: [system] Activating service name='org.blueman.Mechanism' (using servicehelper)
Jan 25 15:21:15 cu-cs-vm blueman-mechanism: Starting blueman-mechanism 
Jan 25 15:21:15 cu-cs-vm dbus[446]: [system] Successfully activated service 'org.blueman.Mechanism'
Jan 25 15:21:15 cu-cs-vm blueman-mechanism: loading Config 
Jan 25 15:21:15 cu-cs-vm blueman-mechanism: loading Network 
Jan 25 15:21:15 cu-cs-vm blueman-mechanism: loading Ppp 
Jan 25 15:21:15 cu-cs-vm blueman-mechanism: loading RfKill 
Jan 25 15:21:21 cu-cs-vm NetworkManager[650]: <info> WiFi hardware radio set enabled
Jan 25 15:21:23 cu-cs-vm ntpdate[1416]: step time server 132.163.4.101 offset 0.579148 sec
Jan 25 15:21:23 cu-cs-vm ntpd[2129]: ntpd 4.2.6p5@1.2349-o Sat Dec 20 11:47:14 UTC 2014 (1)
Jan 25 15:21:23 cu-cs-vm ntpd[2130]: proto: precision = 2.041 usec
Jan 25 15:21:23 cu-cs-vm ntpd[2130]: ntp_io: estimated max descriptors: 1024, initial socket boundary: 16
Jan 25 15:21:23 cu-cs-vm ntpd[2130]: Listen and drop on 0 v4wildcard 0.0.0.0 UDP 123
Jan 25 15:21:23 cu-cs-vm ntpd[2130]: Listen and drop on 1 v6wildcard :: UDP 123
Jan 25 15:21:23 cu-cs-vm ntpd[2130]: Listen normally on 2 lo 127.0.0.1 UDP 123
Jan 25 15:21:23 cu-cs-vm ntpd[2130]: Listen normally on 3 eth0 10.0.2.15 UDP 123
Jan 25 15:21:23 cu-cs-vm ntpd[2130]: Listen normally on 4 lo ::1 UDP 123
Jan 25 15:21:23 cu-cs-vm ntpd[2130]: Listen normally on 5 eth0 fe80::a00:27ff:feb5:5977 UDP 123
Jan 25 15:21:23 cu-cs-vm ntpd[2130]: peers refreshed
Jan 25 15:21:23 cu-cs-vm ntpd[2130]: Listening on routing socket on fd #22 for interface updates
Jan 25 15:21:32 cu-cs-vm NetworkManager[650]: <info> (eth0): IP6 addrconf timed out or failed.
Jan 25 15:21:32 cu-cs-vm NetworkManager[650]: <info> Activation (eth0) Stage 4 of 5 (IPv6 Configure Timeout) scheduled...
Jan 25 15:21:32 cu-cs-vm NetworkManager[650]: <info> Activation (eth0) Stage 4 of 5 (IPv6 Configure Timeout) started...
Jan 25 15:21:32 cu-cs-vm NetworkManager[650]: <info> Activation (eth0) Stage 4 of 5 (IPv6 Configure Timeout) complete.
Jan 25 15:21:45 cu-cs-vm blueman-mechanism: Exiting 
Jan 25 15:27:03 cu-cs-vm kernel: [  355.501184] SGI XFS with ACLs, security attributes, realtime, large block/inode numbers, no debug enabled
Jan 25 15:27:03 cu-cs-vm kernel: [  355.546776] JFS: nTxBlock = 8192, nTxLock = 65536
Jan 25 15:27:03 cu-cs-vm kernel: [  355.609131] NTFS driver 2.1.30 [Flags: R/O MODULE].
Jan 25 15:27:03 cu-cs-vm kernel: [  355.662269] QNX4 filesystem 0.2.3 registered.
Jan 25 15:31:13 cu-cs-vm uptimed: moving up to position 5: 0 days, 00:10:06
Jan 25 15:36:12 cu-cs-vm anacron[863]: Job `cron.monthly' started
Jan 25 15:36:12 cu-cs-vm anacron[3379]: Updated timestamp for job `cron.monthly' to 2015-01-25
Jan 25 15:36:12 cu-cs-vm anacron[863]: Job `cron.monthly' terminated
Jan 25 15:36:12 cu-cs-vm anacron[863]: Normal exit (1 job run)
Jan 25 15:41:12 cu-cs-vm uptimed: moving up to position 3: 0 days, 00:20:06
Jan 25 15:49:26 cu-cs-vm kernel: [ 1699.502662] init: tty4 main process (785) killed by TERM signal
Jan 25 15:49:26 cu-cs-vm kernel: [ 1699.503767] init: tty5 main process (789) killed by TERM signal
Jan 25 15:49:26 cu-cs-vm rsyslogd: [origin software="rsyslogd" swVersion="7.4.4" x-pid="453" x-info="http://www.rsyslog.com"] exiting on signal 15.
Jan 25 15:50:26 cu-cs-vm rsyslogd: [origin software="rsyslogd" swVersion="7.4.4" x-pid="487" x-info="http://www.rsyslog.com"] start
Jan 25 15:50:26 cu-cs-vm rsyslogd: rsyslogd's groupid changed to 104
Jan 25 15:50:26 cu-cs-vm rsyslogd: rsyslogd's userid changed to 101
Jan 25 15:50:26 cu-cs-vm kernel: [    0.000000] Initializing cgroup subsys cpuset
Jan 25 15:50:26 cu-cs-vm kernel: [    0.000000] Initializing cgroup subsys cpu
Jan 25 15:50:26 cu-cs-vm kernel: [    0.000000] Initializing cgroup subsys cpuacct
Jan 25 15:50:26 cu-cs-vm kernel: [    0.000000] Linux version 3.13.11-ckt13holligan1 (root@cu-cs-vm) (gcc version 4.8.2 (Ubuntu 4.8.2-19ubuntu1) ) #1 SMP Sun Jan 25 15:44:58 MST 2015 (Ubuntu 3.13.0-44.73-generic 3.13.11-ckt12)
Jan 25 15:50:26 cu-cs-vm kernel: [    0.000000] Command line: BOOT_IMAGE=/@/boot/vmlinuz-3.13.11-ckt13holligan1 root=UUID=4d4d4956-efb6-4c5c-9455-e11d9e4726c6 ro rootflags=subvol=@ quiet splash crashkernel=384M-:128M vt.handoff=7
Jan 25 15:50:26 cu-cs-vm kernel: [    0.000000] KERNEL supported cpus:
Jan 25 15:50:26 cu-cs-vm kernel: [    0.000000]   Intel GenuineIntel
Jan 25 15:50:26 cu-cs-vm kernel: [    0.000000]   AMD AuthenticAMD
Jan 25 15:50:26 cu-cs-vm kernel: [    0.000000]   Centaur CentaurHauls
Jan 25 15:50:26 cu-cs-vm kernel: [    0.000000] e820: BIOS-provided physical RAM map:
Jan 25 15:50:26 cu-cs-vm kernel: [    0.000000] BIOS-e820: [mem 0x0000000000000000-0x000000000009fbff] usable
Jan 25 15:50:26 cu-cs-vm kernel: [    0.000000] BIOS-e820: [mem 0x000000000009fc00-0x000000000009ffff] reserved
Jan 25 15:50:26 cu-cs-vm kernel: [    0.000000] BIOS-e820: [mem 0x00000000000f0000-0x00000000000fffff] reserved
Jan 25 15:50:26 cu-cs-vm kernel: [    0.000000] BIOS-e820: [mem 0x0000000000100000-0x000000007ffeffff] usable
Jan 25 15:50:26 cu-cs-vm kernel: [    0.000000] BIOS-e820: [mem 0x000000007fff0000-0x000000007fffffff] ACPI data
Jan 25 15:50:26 cu-cs-vm kernel: [    0.000000] BIOS-e820: [mem 0x00000000fffc0000-0x00000000ffffffff] reserved
Jan 25 15:50:26 cu-cs-vm kernel: [    0.000000] Notice: NX (Execute Disable) protection missing in CPU!
Jan 25 15:50:26 cu-cs-vm kernel: [    0.000000] SMBIOS 2.5 present.
Jan 25 15:50:26 cu-cs-vm kernel: [    0.000000] DMI: innotek GmbH VirtualBox/VirtualBox, BIOS VirtualBox 12/01/2006
Jan 25 15:50:26 cu-cs-vm kernel: [    0.000000] e820: update [mem 0x00000000-0x00000fff] usable ==> reserved
Jan 25 15:50:26 cu-cs-vm kernel: [    0.000000] e820: remove [mem 0x000a0000-0x000fffff] usable
Jan 25 15:50:26 cu-cs-vm kernel: [    0.000000] No AGP bridge found
Jan 25 15:50:26 cu-cs-vm kernel: [    0.000000] e820: last_pfn = 0x7fff0 max_arch_pfn = 0x400000000
Jan 25 15:50:26 cu-cs-vm kernel: [    0.000000] MTRR default type: uncachable
Jan 25 15:50:26 cu-cs-vm kernel: [    0.000000] MTRR variable ranges disabled:
Jan 25 15:50:26 cu-cs-vm kernel: [    0.000000] x86 PAT enabled: cpu 0, old 0x7040600070406, new 0x7010600070106
Jan 25 15:50:26 cu-cs-vm kernel: [    0.000000] CPU MTRRs all blank - virtualized system.
Jan 25 15:50:26 cu-cs-vm kernel: [    0.000000] found SMP MP-table at [mem 0x0009fff0-0x0009ffff] mapped at [ffff88000009fff0]
Jan 25 15:50:26 cu-cs-vm kernel: [    0.000000] Scanning 1 areas for low memory corruption
Jan 25 15:50:26 cu-cs-vm kernel: [    0.000000] Base memory trampoline at [ffff880000099000] 99000 size 24576
Jan 25 15:50:26 cu-cs-vm kernel: [    0.000000] init_memory_mapping: [mem 0x00000000-0x000fffff]
Jan 25 15:50:26 cu-cs-vm kernel: [    0.000000]  [mem 0x00000000-0x000fffff] page 4k
Jan 25 15:50:26 cu-cs-vm kernel: [    0.000000] BRK [0x01fdb000, 0x01fdbfff] PGTABLE
Jan 25 15:50:26 cu-cs-vm kernel: [    0.000000] BRK [0x01fdc000, 0x01fdcfff] PGTABLE
Jan 25 15:50:26 cu-cs-vm kernel: [    0.000000] BRK [0x01fdd000, 0x01fddfff] PGTABLE
Jan 25 15:50:26 cu-cs-vm kernel: [    0.000000] init_memory_mapping: [mem 0x7fc00000-0x7fdfffff]
Jan 25 15:50:26 cu-cs-vm kernel: [    0.000000]  [mem 0x7fc00000-0x7fdfffff] page 2M
Jan 25 15:50:26 cu-cs-vm kernel: [    0.000000] BRK [0x01fde000, 0x01fdefff] PGTABLE
Jan 25 15:50:26 cu-cs-vm kernel: [    0.000000] init_memory_mapping: [mem 0x7c000000-0x7fbfffff]
Jan 25 15:50:26 cu-cs-vm kernel: [    0.000000]  [mem 0x7c000000-0x7fbfffff] page 2M
Jan 25 15:50:26 cu-cs-vm kernel: [    0.000000] init_memory_mapping: [mem 0x00100000-0x7bffffff]
Jan 25 15:50:26 cu-cs-vm kernel: [    0.000000]  [mem 0x00100000-0x001fffff] page 4k
Jan 25 15:50:26 cu-cs-vm kernel: [    0.000000]  [mem 0x00200000-0x7bffffff] page 2M
Jan 25 15:50:26 cu-cs-vm kernel: [    0.000000] init_memory_mapping: [mem 0x7fe00000-0x7ffeffff]
Jan 25 15:50:26 cu-cs-vm kernel: [    0.000000]  [mem 0x7fe00000-0x7ffeffff] page 4k
Jan 25 15:50:26 cu-cs-vm kernel: [    0.000000] BRK [0x01fdf000, 0x01fdffff] PGTABLE
Jan 25 15:50:26 cu-cs-vm kernel: [    0.000000] RAMDISK: [mem 0x35b90000-0x36dbffff]
Jan 25 15:50:26 cu-cs-vm kernel: [    0.000000] ACPI: RSDP 00000000000e0000 000024 (v02 VBOX  )
Jan 25 15:50:26 cu-cs-vm kernel: [    0.000000] ACPI: XSDT 000000007fff0040 00004C (v01 VBOX   VBOXXSDT 00000001 ASL  00000061)
Jan 25 15:50:26 cu-cs-vm kernel: [    0.000000] ACPI: FACP 000000007fff0110 0000F4 (v04 VBOX   VBOXFACP 00000001 ASL  00000061)
Jan 25 15:50:26 cu-cs-vm kernel: [    0.000000] ACPI: DSDT 000000007fff0530 001B96 (v01 VBOX   VBOXBIOS 00000002 INTL 20100528)
Jan 25 15:50:26 cu-cs-vm kernel: [    0.000000] ACPI: FACS 000000007fff0240 000040
Jan 25 15:50:26 cu-cs-vm kernel: [    0.000000] ACPI: APIC 000000007fff0280 00005C (v02 VBOX   VBOXAPIC 00000001 ASL  00000061)
Jan 25 15:50:26 cu-cs-vm kernel: [    0.000000] ACPI: HPET 000000007fff02e0 000038 (v01 VBOX   VBOXHPET 00000001 ASL  00000061)
Jan 25 15:50:26 cu-cs-vm kernel: [    0.000000] ACPI: MCFG 000000007fff0320 00003C (v01 VBOX   VBOXMCFG 00000001 ASL  00000061)
Jan 25 15:50:26 cu-cs-vm kernel: [    0.000000] ACPI: SSDT 000000007fff0360 0001CC (v01 VBOX   VBOXCPUT 00000002 INTL 20100528)
Jan 25 15:50:26 cu-cs-vm kernel: [    0.000000] ACPI: Local APIC address 0xfee00000
Jan 25 15:50:26 cu-cs-vm kernel: [    0.000000] No NUMA configuration found
Jan 25 15:50:26 cu-cs-vm kernel: [    0.000000] Faking a node at [mem 0x0000000000000000-0x000000007ffeffff]
Jan 25 15:50:26 cu-cs-vm kernel: [    0.000000] Initmem setup node 0 [mem 0x00000000-0x7ffeffff]
Jan 25 15:50:26 cu-cs-vm kernel: [    0.000000]   NODE_DATA [mem 0x7ffeb000-0x7ffeffff]
Jan 25 15:50:26 cu-cs-vm kernel: [    0.000000] Reserving 128MB of memory at 720MB for crashkernel (System RAM: 2047MB)
Jan 25 15:50:26 cu-cs-vm kernel: [    0.000000]  [ffffea0000000000-ffffea0001ffffff] PMD -> [ffff88007d600000-ffff88007f5fffff] on node 0
Jan 25 15:50:26 cu-cs-vm kernel: [    0.000000] Zone ranges:
Jan 25 15:50:26 cu-cs-vm kernel: [    0.000000]   DMA      [mem 0x00001000-0x00ffffff]
Jan 25 15:50:26 cu-cs-vm kernel: [    0.000000]   DMA32    [mem 0x01000000-0xffffffff]
Jan 25 15:50:26 cu-cs-vm kernel: [    0.000000]   Normal   empty
Jan 25 15:50:26 cu-cs-vm kernel: [    0.000000] Movable zone start for each node
Jan 25 15:50:26 cu-cs-vm kernel: [    0.000000] Early memory node ranges
Jan 25 15:50:26 cu-cs-vm kernel: [    0.000000]   node   0: [mem 0x00001000-0x0009efff]
Jan 25 15:50:26 cu-cs-vm kernel: [    0.000000]   node   0: [mem 0x00100000-0x7ffeffff]
Jan 25 15:50:26 cu-cs-vm kernel: [    0.000000] On node 0 totalpages: 524174
Jan 25 15:50:26 cu-cs-vm kernel: [    0.000000]   DMA zone: 64 pages used for memmap
Jan 25 15:50:26 cu-cs-vm kernel: [    0.000000]   DMA zone: 21 pages reserved
Jan 25 15:50:26 cu-cs-vm kernel: [    0.000000]   DMA zone: 3998 pages, LIFO batch:0
Jan 25 15:50:26 cu-cs-vm kernel: [    0.000000]   DMA32 zone: 8128 pages used for memmap
Jan 25 15:50:26 cu-cs-vm kernel: [    0.000000]   DMA32 zone: 520176 pages, LIFO batch:31
Jan 25 15:50:26 cu-cs-vm kernel: [    0.000000] ACPI: PM-Timer IO Port: 0x4008
Jan 25 15:50:26 cu-cs-vm kernel: [    0.000000] ACPI: Local APIC address 0xfee00000
Jan 25 15:50:26 cu-cs-vm kernel: [    0.000000] ACPI: LAPIC (acpi_id[0x00] lapic_id[0x00] enabled)
Jan 25 15:50:26 cu-cs-vm kernel: [    0.000000] ACPI: LAPIC (acpi_id[0x01] lapic_id[0x01] enabled)
Jan 25 15:50:26 cu-cs-vm kernel: [    0.000000] ACPI: IOAPIC (id[0x02] address[0xfec00000] gsi_base[0])
Jan 25 15:50:26 cu-cs-vm kernel: [    0.000000] IOAPIC[0]: apic_id 2, version 17, address 0xfec00000, GSI 0-23
Jan 25 15:50:26 cu-cs-vm kernel: [    0.000000] ACPI: INT_SRC_OVR (bus 0 bus_irq 0 global_irq 2 dfl dfl)
Jan 25 15:50:26 cu-cs-vm kernel: [    0.000000] ACPI: INT_SRC_OVR (bus 0 bus_irq 9 global_irq 9 high level)
Jan 25 15:50:26 cu-cs-vm kernel: [    0.000000] ACPI: IRQ0 used by override.
Jan 25 15:50:26 cu-cs-vm kernel: [    0.000000] ACPI: IRQ2 used by override.
Jan 25 15:50:26 cu-cs-vm kernel: [    0.000000] ACPI: IRQ9 used by override.
Jan 25 15:50:26 cu-cs-vm kernel: [    0.000000] Using ACPI (MADT) for SMP configuration information
Jan 25 15:50:26 cu-cs-vm kernel: [    0.000000] ACPI: HPET id: 0x8086a201 base: 0xfed00000
Jan 25 15:50:26 cu-cs-vm kernel: [    0.000000] smpboot: Allowing 2 CPUs, 0 hotplug CPUs
Jan 25 15:50:26 cu-cs-vm kernel: [    0.000000] nr_irqs_gsi: 40
Jan 25 15:50:26 cu-cs-vm kernel: [    0.000000] PM: Registered nosave memory: [mem 0x0009f000-0x0009ffff]
Jan 25 15:50:26 cu-cs-vm kernel: [    0.000000] PM: Registered nosave memory: [mem 0x000a0000-0x000effff]
Jan 25 15:50:26 cu-cs-vm kernel: [    0.000000] PM: Registered nosave memory: [mem 0x000f0000-0x000fffff]
Jan 25 15:50:26 cu-cs-vm kernel: [    0.000000] e820: [mem 0x80000000-0xfffbffff] available for PCI devices
Jan 25 15:50:26 cu-cs-vm kernel: [    0.000000] Booting paravirtualized kernel on bare hardware
Jan 25 15:50:26 cu-cs-vm kernel: [    0.000000] setup_percpu: NR_CPUS:256 nr_cpumask_bits:256 nr_cpu_ids:2 nr_node_ids:1
Jan 25 15:50:26 cu-cs-vm kernel: [    0.000000] PERCPU: Embedded 28 pages/cpu @ffff88007fc00000 s82304 r8192 d24192 u1048576
Jan 25 15:50:26 cu-cs-vm kernel: [    0.000000] pcpu-alloc: s82304 r8192 d24192 u1048576 alloc=1*2097152
Jan 25 15:50:26 cu-cs-vm kernel: [    0.000000] pcpu-alloc: [0] 0 1 
Jan 25 15:50:26 cu-cs-vm kernel: [    0.000000] Built 1 zonelists in Node order, mobility grouping on.  Total pages: 515961
Jan 25 15:50:26 cu-cs-vm kernel: [    0.000000] Policy zone: DMA32
Jan 25 15:50:26 cu-cs-vm kernel: [    0.000000] Kernel command line: BOOT_IMAGE=/@/boot/vmlinuz-3.13.11-ckt13holligan1 root=UUID=4d4d4956-efb6-4c5c-9455-e11d9e4726c6 ro rootflags=subvol=@ quiet splash crashkernel=384M-:128M vt.handoff=7
Jan 25 15:50:26 cu-cs-vm kernel: [    0.000000] PID hash table entries: 4096 (order: 3, 32768 bytes)
Jan 25 15:50:26 cu-cs-vm kernel: [    0.000000] Checking aperture...
Jan 25 15:50:26 cu-cs-vm kernel: [    0.000000] No AGP bridge found
Jan 25 15:50:26 cu-cs-vm kernel: [    0.000000] Calgary: detecting Calgary via BIOS EBDA area
Jan 25 15:50:26 cu-cs-vm kernel: [    0.000000] Calgary: Unable to locate Rio Grande table in EBDA - bailing!
Jan 25 15:50:26 cu-cs-vm kernel: [    0.000000] Memory: 1897392K/2096696K available (7235K kernel code, 1129K rwdata, 3300K rodata, 1332K init, 1444K bss, 199304K reserved)
Jan 25 15:50:26 cu-cs-vm kernel: [    0.000000] SLUB: HWalign=64, Order=0-3, MinObjects=0, CPUs=2, Nodes=1
Jan 25 15:50:26 cu-cs-vm kernel: [    0.000000] Hierarchical RCU implementation.
Jan 25 15:50:26 cu-cs-vm kernel: [    0.000000] 	RCU dyntick-idle grace-period acceleration is enabled.
Jan 25 15:50:26 cu-cs-vm kernel: [    0.000000] 	RCU restricting CPUs from NR_CPUS=256 to nr_cpu_ids=2.
Jan 25 15:50:26 cu-cs-vm kernel: [    0.000000] 	Offload RCU callbacks from all CPUs
Jan 25 15:50:26 cu-cs-vm kernel: [    0.000000] 	Offload RCU callbacks from CPUs: 0-1.
Jan 25 15:50:26 cu-cs-vm kernel: [    0.000000] NR_IRQS:16640 nr_irqs:512 16
Jan 25 15:50:26 cu-cs-vm kernel: [    0.000000] Console: colour dummy device 80x25
Jan 25 15:50:26 cu-cs-vm kernel: [    0.000000] console [tty0] enabled
Jan 25 15:50:26 cu-cs-vm kernel: [    0.000000] allocated 8388608 bytes of page_cgroup
Jan 25 15:50:26 cu-cs-vm kernel: [    0.000000] please try 'cgroup_disable=memory' option if you don't want memory cgroups
Jan 25 15:50:26 cu-cs-vm kernel: [    0.000000] hpet clockevent registered
Jan 25 15:50:26 cu-cs-vm kernel: [    0.000000] tsc: Fast TSC calibration using PIT
Jan 25 15:50:26 cu-cs-vm kernel: [    0.000000] tsc: Detected 3359.711 MHz processor
Jan 25 15:50:26 cu-cs-vm kernel: [    0.004006] Calibrating delay loop (skipped), value calculated using timer frequency.. 6719.42 BogoMIPS (lpj=13438844)
Jan 25 15:50:26 cu-cs-vm kernel: [    0.004010] pid_max: default: 32768 minimum: 301
Jan 25 15:50:26 cu-cs-vm kernel: [    0.004042] Security Framework initialized
Jan 25 15:50:26 cu-cs-vm kernel: [    0.004058] AppArmor: AppArmor initialized
Jan 25 15:50:26 cu-cs-vm kernel: [    0.004061] Yama: becoming mindful.
Jan 25 15:50:26 cu-cs-vm kernel: [    0.005201] Dentry cache hash table entries: 262144 (order: 9, 2097152 bytes)
Jan 25 15:50:26 cu-cs-vm kernel: [    0.005509] Inode-cache hash table entries: 131072 (order: 8, 1048576 bytes)
Jan 25 15:50:26 cu-cs-vm kernel: [    0.005629] Mount-cache hash table entries: 4096 (order: 3, 32768 bytes)
Jan 25 15:50:26 cu-cs-vm kernel: [    0.005634] Mountpoint-cache hash table entries: 4096 (order: 3, 32768 bytes)
Jan 25 15:50:26 cu-cs-vm kernel: [    0.005766] Initializing cgroup subsys memory
Jan 25 15:50:26 cu-cs-vm kernel: [    0.005772] Initializing cgroup subsys devices
Jan 25 15:50:26 cu-cs-vm kernel: [    0.005775] Initializing cgroup subsys freezer
Jan 25 15:50:26 cu-cs-vm kernel: [    0.005778] Initializing cgroup subsys blkio
Jan 25 15:50:26 cu-cs-vm kernel: [    0.005780] Initializing cgroup subsys perf_event
Jan 25 15:50:26 cu-cs-vm kernel: [    0.005784] Initializing cgroup subsys hugetlb
Jan 25 15:50:26 cu-cs-vm kernel: [    0.005865] CPU: Physical Processor ID: 0
Jan 25 15:50:26 cu-cs-vm kernel: [    0.005867] CPU: Processor Core ID: 0
Jan 25 15:50:26 cu-cs-vm kernel: [    0.005872] mce: CPU supports 0 MCE banks
Jan 25 15:50:26 cu-cs-vm kernel: [    0.005901] Last level iTLB entries: 4KB 512, 2MB 0, 4MB 0
Jan 25 15:50:26 cu-cs-vm kernel: [    0.005901] Last level dTLB entries: 4KB 512, 2MB 32, 4MB 32
Jan 25 15:50:26 cu-cs-vm kernel: [    0.005901] tlb_flushall_shift: 5
Jan 25 15:50:26 cu-cs-vm kernel: [    0.006044] Freeing SMP alternatives memory: 28K (ffffffff81e69000 - ffffffff81e70000)
Jan 25 15:50:26 cu-cs-vm kernel: [    0.013655] ACPI: Core revision 20131115
Jan 25 15:50:26 cu-cs-vm kernel: [    0.014205] ACPI: All ACPI Tables successfully acquired
Jan 25 15:50:26 cu-cs-vm kernel: [    0.014240] ftrace: allocating 27967 entries in 110 pages
Jan 25 15:50:26 cu-cs-vm kernel: [    0.024341] ..TIMER: vector=0x30 apic1=0 pin1=2 apic2=-1 pin2=-1
Jan 25 15:50:26 cu-cs-vm kernel: [    0.066425] smpboot: CPU0: Intel(R) Core(TM) i7-2600K CPU @ 3.40GHz (fam: 06, model: 2a, stepping: 07)
Jan 25 15:50:26 cu-cs-vm kernel: [    0.068000] APIC calibration not consistent with PM-Timer: 96ms instead of 100ms
Jan 25 15:50:26 cu-cs-vm kernel: [    0.068000] APIC delta adjusted to PM-Timer: 6249960 (6051525)
Jan 25 15:50:26 cu-cs-vm kernel: [    0.068000] Performance Events: unsupported p6 CPU model 42 no PMU driver, software events only.
Jan 25 15:50:26 cu-cs-vm kernel: [    0.068000] x86: Booting SMP configuration:
Jan 25 15:50:26 cu-cs-vm kernel: [    0.077044] NMI watchdog: disabled (cpu0): hardware events not enabled
Jan 25 15:50:26 cu-cs-vm kernel: [    0.068000] mce: CPU supports 0 MCE banks
Jan 25 15:50:26 cu-cs-vm kernel: [    0.068000] .... node  #0, CPUs:      #1
Jan 25 15:50:26 cu-cs-vm kernel: [    0.079254] x86: Booted up 1 node, 2 CPUs
Jan 25 15:50:26 cu-cs-vm kernel: [    0.079258] smpboot: Total of 2 processors activated (13438.84 BogoMIPS)
Jan 25 15:50:26 cu-cs-vm kernel: [    0.080077] devtmpfs: initialized
Jan 25 15:50:26 cu-cs-vm kernel: [    0.082387] EVM: security.selinux
Jan 25 15:50:26 cu-cs-vm kernel: [    0.082390] EVM: security.SMACK64
Jan 25 15:50:26 cu-cs-vm kernel: [    0.082392] EVM: security.ima
Jan 25 15:50:26 cu-cs-vm kernel: [    0.082395] EVM: security.capability
Jan 25 15:50:26 cu-cs-vm kernel: [    0.083223] pinctrl core: initialized pinctrl subsystem
Jan 25 15:50:26 cu-cs-vm kernel: [    0.083311] regulator-dummy: no parameters
Jan 25 15:50:26 cu-cs-vm kernel: [    0.083348] RTC time: 22:50:23, date: 01/25/15
Jan 25 15:50:26 cu-cs-vm kernel: [    0.083378] NET: Registered protocol family 16
Jan 25 15:50:26 cu-cs-vm kernel: [    0.083474] cpuidle: using governor ladder
Jan 25 15:50:26 cu-cs-vm kernel: [    0.083477] cpuidle: using governor menu
Jan 25 15:50:26 cu-cs-vm kernel: [    0.083511] ACPI: bus type PCI registered
Jan 25 15:50:26 cu-cs-vm kernel: [    0.083514] acpiphp: ACPI Hot Plug PCI Controller Driver version: 0.5
Jan 25 15:50:26 cu-cs-vm kernel: [    0.083591] PCI: MMCONFIG for domain 0000 [bus 00-3f] at [mem 0xdc000000-0xdfffffff] (base 0xdc000000)
Jan 25 15:50:26 cu-cs-vm kernel: [    0.083594] PCI: not using MMCONFIG
Jan 25 15:50:26 cu-cs-vm kernel: [    0.083597] PCI: Using configuration type 1 for base access
Jan 25 15:50:26 cu-cs-vm kernel: [    0.084696] bio: create slab <bio-0> at 0
Jan 25 15:50:26 cu-cs-vm kernel: [    0.084696] ACPI: Added _OSI(Module Device)
Jan 25 15:50:26 cu-cs-vm kernel: [    0.084696] ACPI: Added _OSI(Processor Device)
Jan 25 15:50:26 cu-cs-vm kernel: [    0.084696] ACPI: Added _OSI(3.0 _SCP Extensions)
Jan 25 15:50:26 cu-cs-vm kernel: [    0.084696] ACPI: Added _OSI(Processor Aggregator Device)
Jan 25 15:50:26 cu-cs-vm kernel: [    0.084819] ACPI: Executed 1 blocks of module-level executable AML code
Jan 25 15:50:26 cu-cs-vm kernel: [    0.086575] ACPI: Interpreter enabled
Jan 25 15:50:26 cu-cs-vm kernel: [    0.086581] ACPI Exception: AE_NOT_FOUND, While evaluating Sleep State [\_S1_] (20131115/hwxface-580)
Jan 25 15:50:26 cu-cs-vm kernel: [    0.086586] ACPI Exception: AE_NOT_FOUND, While evaluating Sleep State [\_S2_] (20131115/hwxface-580)
Jan 25 15:50:26 cu-cs-vm kernel: [    0.086590] ACPI Exception: AE_NOT_FOUND, While evaluating Sleep State [\_S3_] (20131115/hwxface-580)
Jan 25 15:50:26 cu-cs-vm kernel: [    0.086594] ACPI Exception: AE_NOT_FOUND, While evaluating Sleep State [\_S4_] (20131115/hwxface-580)
Jan 25 15:50:26 cu-cs-vm kernel: [    0.086600] ACPI: (supports S0 S5)
Jan 25 15:50:26 cu-cs-vm kernel: [    0.086602] ACPI: Using IOAPIC for interrupt routing
Jan 25 15:50:26 cu-cs-vm kernel: [    0.086755] PCI: MMCONFIG for domain 0000 [bus 00-3f] at [mem 0xdc000000-0xdfffffff] (base 0xdc000000)
Jan 25 15:50:26 cu-cs-vm kernel: [    0.086902] PCI: MMCONFIG at [mem 0xdc000000-0xdfffffff] reserved in ACPI motherboard resources
Jan 25 15:50:26 cu-cs-vm kernel: [    0.089420] PCI: Ignoring host bridge windows from ACPI; if necessary, use "pci=use_crs" and report a bug
Jan 25 15:50:26 cu-cs-vm kernel: [    0.089477] ACPI: No dock devices found.
